Archive member included to satisfy reference by file (symbol)

/usr/local/ps2dev/gsKit/lib/libgskit.a(gsCore.c.obj)
                              main.o (gsKit_vram_alloc)
/usr/local/ps2dev/gsKit/lib/libgskit.a(gsCore.c.obj)
                              main.o (gsKit_sync_flip)
/usr/local/ps2dev/gsKit/lib/libgskit.a(gsCore.c.obj)
                              gsCore.c.obj (symbol from plugin) (gsKit_setactive)
/usr/local/ps2dev/gsKit/lib/libgskit.a(gsCore.c.obj)
                              gsCore.c.obj (symbol from plugin) (gsKit_vsync_wait)
/usr/local/ps2dev/gsKit/lib/libgskit.a(gsCore.c.obj)
                              main.o (gsKit_clear)
/usr/local/ps2dev/gsKit/lib/libgskit.a(gsCore.c.obj)
                              main.o (gsKit_set_test)
/usr/local/ps2dev/gsKit/lib/libgskit.a(gsCore.c.obj)
                              main.o (gsKit_queue_exec)
/usr/local/ps2dev/gsKit/lib/libgskit.a(gsCore.c.obj)
                              main.o (gsKit_mode_switch)
/usr/local/ps2dev/gsKit/lib/libgskit.a(gsInit.c.obj)
                              main.o (gsKit_init_screen)
/usr/local/ps2dev/gsKit/lib/libgskit.a(gsInit.c.obj)
                              main.o (gsKit_init_global_custom)
/usr/local/ps2dev/gsKit/lib/libgskit.a(gsPrimitive.c.obj)
                              gsCore.c.obj (symbol from plugin) (gsKit_prim_list_sprite_flat)
/usr/local/ps2dev/gsKit/lib/libgskit.a(gsTexManager.c.obj)
                              gsCore.c.obj (symbol from plugin) (gsKit_TexManager_init)
/usr/local/ps2dev/gsKit/lib/libgskit.a(gsTexture.c.obj)
                              main.o (gsKit_texture_size)
/usr/local/ps2dev/gsKit/lib/libgskit.a(gsTexture.c.obj)
                              main.o (gsKit_texture_upload)
/usr/local/ps2dev/gsKit/lib/libgskit.a(gsTexture.c.obj)
                              main.o (gsKit_prim_sprite_texture_3d)
/usr/local/ps2dev/gsKit/lib/libgskit.a(gsCore.c.obj)
                              gsTexture.c.obj (symbol from plugin) (gsKit_set_texfilter)
/usr/local/ps2dev/gsKit/lib/libgskit.a(gsCore.c.obj)
                              gsCore.c.obj (symbol from plugin) (gsKit_queue_exec_real)
/usr/local/ps2dev/gsKit/lib/libgskit.a(gsCore.c.obj)
                              gsInit.c.obj (symbol from plugin) (gsKit_queue_reset)
/usr/local/ps2dev/gsKit/lib/libgskit.a(gsCore.c.obj)
                              gsInit.c.obj (symbol from plugin) (gsKit_alloc_ucab)
/usr/local/ps2dev/gsKit/lib/libgskit.a(gsCore.c.obj)
                              gsInit.c.obj (symbol from plugin) (gsKit_queue_init)
/usr/local/ps2dev/gsKit/lib/libgskit.a(gsCore.c.obj)
                              gsCore.c.obj (symbol from plugin) (gsKit_queue_set)
/usr/local/ps2dev/gsKit/lib/libgskit.a(gsInit.c.obj)
                              gsInit.c.obj (symbol from plugin) (__modelSupportsGetGsDxDyOffset)
/usr/local/ps2dev/gsKit/lib/libgskit.a(gsInit.c.obj)
                              gsInit.c.obj (symbol from plugin) (gsKit_check_rom)
/usr/local/ps2dev/gsKit/lib/libgskit.a(gsMisc.c.obj)
                              gsTexture.c.obj (symbol from plugin) (gsKit_setup_tbw)
/usr/local/ps2dev/gsKit/lib/libgskit.a(gsTexManager.c.obj)
                              gsTexManager.c.obj (symbol from plugin) (__head)
/usr/local/ps2dev/gsKit/lib/libgskit.a(gsTexture.c.obj)
                              gsTexture.c.obj (symbol from plugin) (gsKit_texture_send)
/usr/local/ps2dev/gsKit/lib/libgskit.a(gsCore.c.obj)
                              gsCore.c.obj (symbol from plugin) (gsKit_finish)
/usr/local/ps2dev/gsKit/lib/libgskit.a(gsCore.c.obj)
                              gsCore.c.obj (symbol from plugin) (gsKit_set_finish)
/usr/local/ps2dev/gsKit/lib/libgskit.a(gsTexture.c.obj)
                              gsTexture.c.obj (symbol from plugin) (gsKit_texture_size_ee)
/usr/local/ps2dev/ps2sdk/ee/lib/libkernel.a(SetGsCrt.o)
                              gsInit.c.obj (symbol from plugin) (SetGsCrt)
/usr/local/ps2dev/ps2sdk/ee/lib/libkernel.a(SetupHeap.o)
                              /usr/local/ps2dev/ee/bin/../lib/gcc/mips64r5900el-ps2-elf/15.2.0/../../../../mips64r5900el-ps2-elf/lib/crt0.o (symbol from plugin) (SetupHeap)
/usr/local/ps2dev/ps2sdk/ee/lib/libkernel.a(FlushCache.o)
                              main.o (FlushCache)
/usr/local/ps2dev/ps2sdk/ee/lib/libkernel.a(GsPutIMR.o)
                              gsInit.c.obj (symbol from plugin) (GsPutIMR)
/usr/local/ps2dev/ps2sdk/ee/lib/libkernel.a(_GetGsDxDyOffset.o)
                              gsInit.c.obj (symbol from plugin) (_GetGsDxDyOffset)
/usr/local/ps2dev/ps2sdk/ee/lib/libkernel.a(strncpy.o)
                              main.o (strncpy)
/usr/local/ps2dev/ps2sdk/ee/lib/libkernel.a(strlen.o)
                              main.o (strlen)
/usr/local/ps2dev/ps2sdk/ee/lib/libkernel.a(memset.o)
                              main.o (memset)
/usr/local/ps2dev/ps2sdk/ee/lib/libkernel.a(SifRpcMain.o)
                              main.o (sceSifInitRpc)
[...]
Memory Configuration

Name             Origin             Length             Attributes
*default*        0x00000000         0xffffffff

Linker script and memory map

LOAD /usr/local/ps2dev/ee/bin/../lib/gcc/mips64r5900el-ps2-elf/15.2.0/../../../../mips64r5900el-ps2-elf/lib/crt0.o
LOAD /tmp/ccortlrZ.ltrans0.ltrans.o
LOAD /tmp/ccwAtT2D.debug.temp.o
LOAD /tmp/ccpP3dQM.debug.temp.o
LOAD /tmp/ccKvEO8q.debug.temp.o
LOAD /tmp/cc8gkHHG.debug.temp.o
LOAD /tmp/ccXAfASr.debug.temp.o
LOAD /tmp/ccf3f04u.debug.temp.o
LOAD /tmp/cc9Av5fT.debug.temp.o
LOAD /tmp/ccxwZZov.debug.temp.o
LOAD /tmp/ccL7jmTX.debug.temp.o
LOAD /tmp/ccVz1UY8.debug.temp.o
LOAD /tmp/ccgXSxss.debug.temp.o
LOAD /tmp/cc93JMCX.debug.temp.o
LOAD /tmp/ccjWVDql.debug.temp.o
LOAD /tmp/ccVkcelh.debug.temp.o
LOAD /tmp/ccAlSvcS.debug.temp.o
LOAD /tmp/cc6cNCx8.debug.temp.o
LOAD /tmp/ccQdmp0l.debug.temp.o
LOAD /tmp/ccKMFlIL.debug.temp.o
LOAD /tmp/cc8GEbb2.debug.temp.o
LOAD /tmp/ccGUVqt9.debug.temp.o
LOAD /tmp/ccPePYsV.debug.temp.o
LOAD /tmp/cc7mwlws.debug.temp.o
LOAD /tmp/ccNtvcl6.debug.temp.o
LOAD /tmp/cc9s0vws.debug.temp.o
LOAD /tmp/cc4rgynE.debug.temp.o
LOAD /tmp/ccMoUJt0.debug.temp.o
LOAD /tmp/ccUUH6dm.debug.temp.o
LOAD /tmp/ccCqwig6.debug.temp.o
LOAD /tmp/cc6yr8iM.debug.temp.o
LOAD /tmp/ccMXMHqV.debug.temp.o
LOAD /tmp/ccu7o7lG.debug.temp.o
LOAD /tmp/ccGqoSRY.debug.temp.o
LOAD /tmp/cce8P0oF.debug.temp.o
LOAD /tmp/ccwxlrkn.debug.temp.o
LOAD /tmp/ccL7yO7r.debug.temp.o
LOAD /tmp/cc5Tuqro.debug.temp.o
LOAD /tmp/cc7m18iR.debug.temp.o
LOAD /tmp/ccZIhUXq.debug.temp.o
LOAD /tmp/ccbXFEcg.debug.temp.o
LOAD /tmp/ccjaxvDr.debug.temp.o
LOAD /tmp/ccW75Oik.debug.temp.o
LOAD /tmp/ccbsSTOh.debug.temp.o
LOAD /tmp/ccBcBHWo.debug.temp.o
LOAD /tmp/ccBq83kB.debug.temp.o
LOAD /tmp/cclJbMer.debug.temp.o
LOAD /tmp/cczRcugO.debug.temp.o
LOAD /tmp/ccg7Frds.debug.temp.o
LOAD /tmp/ccdpi6ul.debug.temp.o
LOAD /tmp/ccduv1Q3.debug.temp.o
LOAD /tmp/ccPooM3Z.debug.temp.o
LOAD /tmp/ccrY417I.debug.temp.o
LOAD /tmp/cchgYHGw.debug.temp.o
LOAD /tmp/ccYifob8.debug.temp.o
LOAD /tmp/ccxZmxVR.debug.temp.o
LOAD /tmp/cc8HMSPN.debug.temp.o
LOAD /tmp/ccOh8RUk.debug.temp.o
LOAD /tmp/ccZZpz10.debug.temp.o
LOAD /tmp/ccv7gYR5.debug.temp.o
LOAD /usr/local/ps2dev/ee/bin/../lib/gcc/mips64r5900el-ps2-elf/15.2.0/crti.o
LOAD /usr/local/ps2dev/ee/bin/../lib/gcc/mips64r5900el-ps2-elf/15.2.0/crtbegin.o
LOAD main.o
                0x01eff000                        _stack = 0x1eff000
LOAD /usr/local/ps2dev/gsKit/lib/libgskit_toolkit.a
LOAD /usr/local/ps2dev/gsKit/lib/libgskit.a
LOAD /usr/local/ps2dev/ps2sdk/ee/lib/libpatches.a
LOAD /usr/local/ps2dev/ps2sdk/ee/lib/libkernel.a
LOAD /usr/local/ps2dev/ps2sdk/ports/lib/libpng.a
LOAD /usr/local/ps2dev/ps2sdk/ports/lib/libz.a
LOAD /usr/local/ps2dev/gsKit/lib/libdmakit.a
LOAD /usr/local/ps2dev/ps2sdk/ee/lib/libaudsrv.a
LOAD /usr/local/ps2dev/ps2sdk/ee/lib/libpad.a
LOAD /usr/local/ps2dev/ps2sdk/ee/lib/libmpeg.a
LOAD /usr/local/ps2dev/ps2sdk/ee/lib/libdraw.a
LOAD /usr/local/ps2dev/ps2sdk/ee/lib/libgraph.a
LOAD /usr/local/ps2dev/ps2sdk/ee/lib/libpacket.a
LOAD /usr/local/ps2dev/ps2sdk/ee/lib/libdma.a
LOAD /usr/local/ps2dev/ee/bin/../lib/gcc/mips64r5900el-ps2-elf/15.2.0/libgcc.a
LOAD /usr/local/ps2dev/ee/bin/../lib/gcc/mips64r5900el-ps2-elf/15.2.0/../../../../mips64r5900el-ps2-elf/lib/libm.a
START GROUP
LOAD /usr/local/ps2dev/ee/bin/../lib/gcc/mips64r5900el-ps2-elf/15.2.0/../../../../mips64r5900el-ps2-elf/lib/libc.a
LOAD /usr/local/ps2dev/ps2sdk/ee/lib/libcdvd.a
LOAD /usr/local/ps2dev/ee/bin/../lib/gcc/mips64r5900el-ps2-elf/15.2.0/../../../../mips64r5900el-ps2-elf/lib/libpthread.a
LOAD /usr/local/ps2dev/ps2sdk/ee/lib/libpthreadglue.a
LOAD /usr/local/ps2dev/ps2sdk/ee/lib/libcglue.a
LOAD /usr/local/ps2dev/ps2sdk/ee/lib/libkernel.a
END GROUP
LOAD /usr/local/ps2dev/ee/bin/../lib/gcc/mips64r5900el-ps2-elf/15.2.0/libgcc.a
LOAD /usr/local/ps2dev/ee/bin/../lib/gcc/mips64r5900el-ps2-elf/15.2.0/crtend.o
LOAD /usr/local/ps2dev/ee/bin/../lib/gcc/mips64r5900el-ps2-elf/15.2.0/crtn.o

.text           0x00100000    0x2de30
                0x00100000                        _ftext = .
 *(.text)
 .text          0x00100000     0x4748 /tmp/ccortlrZ.ltrans0.ltrans.o
                0x001013e0                __start
                0x00101460                _exit
                0x00101498                gsKit_vram_alloc
                0x001015f0                gsKit_sync_flip
                0x001017c8                gsKit_set_test
                0x001019e0                gsKit_clear
                0x00101cf8                gsKit_queue_exec
                0x00101e00                gsKit_mode_switch
                0x00101e18                gsKit_init_global_custom
                0x00102168                gsKit_texture_size
                0x00102450                gsKit_init_screen
                0x00102f80                gsKit_texture_upload
                0x001030d0                gsKit_prim_sprite_texture_3d
                0x00103570                InitAlarm
                0x00103648                dmaKit_init
                0x001036b0                dmaKit_chan_init
                0x001037c8                audsrv_quit
                0x00103868                audsrv_set_format
                0x00103900                audsrv_set_volume
                0x00103938                audsrv_play_audio
                0x00103a58                audsrv_init
                0x00103bf0                audsrv_available
                0x00103c00                padInit
                0x00103f78                padPortOpen
                0x001041a0                padRead
                0x001042d8                padGetState
                0x00104448                pthread_init
                0x00104660                pthread_terminate
 .text          0x00104748        0x0 /usr/local/ps2dev/ee/bin/../lib/gcc/mips64r5900el-ps2-elf/15.2.0/crti.o
 .text          0x00104748      0x198 /usr/local/ps2dev/ee/bin/../lib/gcc/mips64r5900el-ps2-elf/15.2.0/crtbegin.o
 .text          0x001048e0     0x6d20 main.o
                0x001048e0                LR_A_KU
                0x00104900                LR_A_KL
                0x00104920                LR_A_QU
                0x00104940                LR_A_QL
                0x00104960                LR_KU_A
                0x00104980                LR_KL_A
                0x001049a0                LR_QU_A
                0x001049c0                LR_QL_A
                0x001049e0                LR_K_P
                0x00104a08                LR_P_K
                0x00104a48                LR_A_IS
                0x00104a68                LR_IS_A
                0x00104a90                PK
                0x00104ad0                LR_P0_Q
                0x00104b00                LR_Q_DC
                0x00104b28                LR_DC_Q
                0x00104b60                LR_DC_H
                0x00104b98                LR_H_DC
                0x00104bc0                LM
                0x00104bf8                ST
                0x00104c30                DI_
                0x00104c58                EI_
                0x00104c80                POP
                0x00104c98                LR_W_J
                0x00104cb8                LR_J_W
                0x00104cd8                LI
                0x00104d10                PI
                0x00104d60                JMP
                0x00104da0                NOP
                0x00104db8                XDC
                0x00104de8                LR_A_R0
                0x00104e08                LR_A_R1
                0x00104e28                LR_A_R2
                0x00104e48                LR_A_R3
                0x00104e68                LR_A_R4
                0x00104e88                LR_A_R5
                0x00104ea8                LR_A_R6
                0x00104ec8                LR_A_R7
                0x00104ee8                LR_A_R8
                0x00104f08                LR_A_R9
                0x00104f28                LR_A_R10
                0x00104f48                LR_A_R11
                0x00104f68                LR_A_S
                0x00104f98                LR_A_I
                0x00104fd8                LR_A_D
                0x00105018                LR_R0_A
                0x00105038                LR_R1_A
                0x00105058                LR_R2_A
                0x00105078                LR_R3_A
                0x00105098                LR_R4_A
                0x001050b8                LR_R5_A
                0x001050d8                LR_R6_A
                0x001050f8                LR_R7_A
                0x00105118                LR_R8_A
                0x00105138                LR_R9_A
                0x00105158                LR_R10_A
                0x00105178                LR_R11_A
                0x00105198                LR_S_A
                0x001051c8                LR_I_A
                0x00105208                LR_D_A
                0x00105248                LISU_0
                0x00105270                LISU_1
                0x00105298                LISU_2
                0x001052c0                LISU_3
                0x001052e8                LISU_4
                0x00105310                LISU_5
                0x00105338                LISU_6
                0x00105360                LISU_7
                0x00105388                LISL_0
                0x001053b0                LISL_1
                0x001053d8                LISL_2
                0x00105400                LISL_3
                0x00105428                LISL_4
                0x00105450                LISL_5
                0x00105478                LISL_6
                0x001054a0                LISL_7
                0x001054c8                CLR
                0x001054e8                LIS_1
                0x00105508                LIS_2
                0x00105528                LIS_3
                0x00105548                LIS_4
                0x00105568                LIS_5
                0x00105588                LIS_6
                0x001055a8                LIS_7
                0x001055c8                LIS_8
                0x001055e8                LIS_9
                0x00105608                LIS_10
                0x00105628                LIS_11
                0x00105648                LIS_12
                0x00105668                LIS_13
                0x00105688                LIS_14
                0x001056a8                LIS_15
                0x001056c8                BR
                0x001056f8                OUT_0
                0x00105720                OUT_4
                0x00105750                ADC_
                0x001057a8                DCI
                0x00105930                BR7
                0x00105a48                INS_2
                0x00105a78                BM
                0x00105ac8                unassigned_0x2D
                0x00105ae0                unassigned_0x2E
                0x00105af8                unassigned_0x2F
                0x00105b10                unassigned_0x3F
                0x00105b28                unassigned_0x4F
                0x00105b40                unassigned_0x5F
                0x00105b58                OUT_2
                0x00105b70                OUT_3
                0x00105b88                OUT_6
                0x00105ba0                OUT_7
                0x00105bb8                OUT_8
                0x00105bd0                OUT_9
                0x00105be8                OUT_10
                0x00105c00                OUT_11
                0x00105c18                OUT_12
                0x00105c30                OUT_13
                0x00105c48                OUT_14
                0x00105c60                OUT_15
                0x00105c78                unassigned_0xCF
                0x00105c90                unassigned_0xDF
                0x00105ca8                unassigned_0xEF
                0x00105cc0                unassigned_0xFF
                0x00105cd8                INS_6
                0x00105d08                INS_7
                0x00105d38                INS_10
                0x00105d68                INS_14
                0x00105d98                INS_15
                0x00105dc8                OUT_1
                0x00105ec0                BT_0
                0x00105ed8                BP
                0x00105f28                BC
                0x00105f78                BT_3
                0x00105fc8                BZ
                0x00106018                BT_5
                0x00106068                BT_6
                0x001060b8                BT_7
                0x00106108                BNC
                0x00106158                BF_3
                0x001061a8                BNZ
                0x001061f8                BF_5
                0x00106248                BF_6
                0x00106298                BF_7
                0x001062e8                BNO
                0x00106338                BF_9
                0x00106388                BF_10
                0x001063d8                BF_11
                0x00106428                BF_12
                0x00106478                BF_13
                0x001064c8                BF_14
                0x00106518                BF_15
                0x00106568                INS_3
                0x00106598                INS_11
                0x001065c8                SR_1
                0x00106608                SL_1
                0x00106678                SR_4
                0x001066b8                SL_4
                0x00106728                COM
                0x00106798                INS_5
                0x00106810                INS_13
                0x00106880                XS_R0
                0x001068e8                XS_R1
                0x00106950                XS_R2
                0x001069b8                XS_R3
                0x00106a20                XS_R4
                0x00106a88                XS_R5
                0x00106af0                XS_R6
                0x00106b58                XS_R7
                0x00106bc0                XS_R8
                0x00106c28                XS_R9
                0x00106c90                XS_R10
                0x00106cf8                XS_R11
                0x00106d60                NS_R0
                0x00106dd0                NS_R1
                0x00106e40                NS_R2
                0x00106eb0                NS_R3
                0x00106f20                NS_R4
                0x00106f90                NS_R5
                0x00107000                NS_R6
                0x00107070                NS_R7
                0x001070e0                NS_R8
                0x00107150                NS_R9
                0x001071c0                NS_R10
                0x00107230                NS_R11
                0x001072a0                XS_S
                0x00107318                NS_S
                0x00107398                NI
                0x00107420                OI
                0x001074a8                XI
                0x00107528                NM
                0x001075b8                OM
                0x00107650                XM
                0x001076d0                XS_I
                0x00107758                NS_I
                0x001077e8                XS_D
                0x00107870                NS_D
                0x00107900                INS_0
                0x001079d0                INS_8
                0x00107aa0                INC
                0x00107b40                AS_R0
                0x00107be0                AS_R1
                0x00107c80                AS_R2
                0x00107d20                AS_R3
                0x00107dc0                AS_R4
                0x00107e60                AS_R5
                0x00107f00                AS_R6
                0x00107fa0                AS_R7
                0x00108040                AS_R8
                0x001080e0                AS_R9
                0x00108180                AS_R10
                0x00108220                AS_R11
                0x001082c0                LNK
                0x00108368                AS_S
                0x00108418                AI
                0x001084d0                CI
                0x00108588                AM
                0x00108640                CM
                0x00108700                AS_I
                0x001087c0                AS_D
                0x00108880                DS_R0
                0x00108908                DS_R1
                0x00108990                DS_R2
                0x00108a18                DS_R3
                0x00108aa0                DS_R4
                0x00108b28                DS_R5
                0x00108bb0                DS_R6
                0x00108c38                DS_R7
                0x00108cc0                DS_R8
                0x00108d48                DS_R9
                0x00108dd0                DS_R10
                0x00108e58                DS_R11
                0x00108ee0                FuckAroundSilentlyMs
                0x00108f10                path_portableinator
                0x00108f78                sound_init
                0x00109018                sound_tick
                0x00109030                sound_write
                0x001090c0                sound_update
                0x00109280                OUT_5
                0x001092d0                OUT
                0x001093c8                sound_quit
                0x001093d0                pad_init
                0x00109430                pad_get_joy_x
                0x00109588                pad_get_joy_y
                0x001096e0                pad_get_buttons
                0x001097d8                pad_get_pressed
                0x001098d0                gfx_init
                0x00109a70                gfx_render
                0x00109bc0                DVD
                0x00109ef8                clr_ozcs
                0x00109f10                set_sz
                0x00109f60                do_add
                0x00109fc0                do_add_decimal
                0x0010a0b8                ASD_R0
                0x0010a0f0                ASD_R1
                0x0010a128                ASD_R2
                0x0010a160                ASD_R3
                0x0010a198                ASD_R4
                0x0010a1d0                ASD_R5
                0x0010a208                ASD_R6
                0x0010a240                ASD_R7
                0x0010a278                ASD_R8
                0x0010a2b0                ASD_R9
                0x0010a2e8                ASD_R10
                0x0010a320                ASD_R11
                0x0010a358                ASD_S
                0x0010a3a0                ASD_I
                0x0010a3f8                ASD_D
                0x0010a450                AMD
                0x0010a4a8                isar_addr_direct
                0x0010a4b8                isar_addr_inc
                0x0010a4e0                isar_addr_dec
                0x0010a508                f8_read_byte
                0x0010a520                set_flags_logic
                0x0010a560                set_flags_arith
                0x0010a608                DS_S
                0x0010a650                DS_I
                0x0010a6b0                DS_D
                0x0010a710                helper_bt
                0x0010a768                helper_bf
                0x0010a7c0                helper_ds_flags
                0x0010a838                bcd_add
                0x0010a870                read_controller
                0x0010a8f8                INS_1
                0x0010a988                INS_9
                0x0010aa18                INS_4
                0x0010ab10                INS_12
                0x0010ac08                handle_video_port_read
                0x0010ad50                IN
                0x0010ada8                handle_video_port_writes
                0x0010ae40                halt
                0x0010af88                reset_cpu
                0x0010afb0                map_value
                0x0010aff8                draw_setsclen
                0x0010b138                sh_menu
 .text          0x0010b600       0x10 /usr/local/ps2dev/ps2sdk/ee/lib/libkernel.a(SetGsCrt.o)
                0x0010b600                SetGsCrt
 .text          0x0010b610       0x10 /usr/local/ps2dev/ps2sdk/ee/lib/libkernel.a(SetupHeap.o)
                0x0010b610                SetupHeap
 .text          0x0010b620       0x10 /usr/local/ps2dev/ps2sdk/ee/lib/libkernel.a(FlushCache.o)
                0x0010b620                FlushCache
 .text          0x0010b630       0x10 /usr/local/ps2dev/ps2sdk/ee/lib/libkernel.a(GsPutIMR.o)
                0x0010b630                GsPutIMR
 .text          0x0010b640       0x10 /usr/local/ps2dev/ps2sdk/ee/lib/libkernel.a(_GetGsDxDyOffset.o)
                0x0010b640                _GetGsDxDyOffset
 .text          0x0010b650      0x1c0 /usr/local/ps2dev/ps2sdk/ee/lib/libkernel.a(strncpy.o)
                0x0010b650                strncpy
 .text          0x0010b810      0x138 /usr/local/ps2dev/ps2sdk/ee/lib/libkernel.a(strlen.o)
                0x0010b810                strlen
 .text          0x0010b948       0xc0 /usr/local/ps2dev/ps2sdk/ee/lib/libkernel.a(memset.o)
                0x0010b948                memset
 .text          0x0010ba08      0x458 /usr/local/ps2dev/ps2sdk/ee/lib/libkernel.a(SifRpcMain.o)
                0x0010bca0                sceSifInitRpc
                0x0010be38                sceSifExitRpc
 .text          0x0010be60       0x28 /usr/local/ps2dev/ps2sdk/ee/lib/libkernel.a(SifIopSync.o)
                0x0010be60                SifIopSync
 .text          0x0010be88        0x0 /usr/local/ps2dev/ps2sdk/ee/lib/libkernel.a(__iop_control_internals.o)
 .text          0x0010be88       0x68 /usr/local/ps2dev/ps2sdk/ee/lib/libkernel.a(GetRomNameWithIODriver.o)
                0x0010be88                GetRomNameWithIODriver
 .text          0x0010bef0       0x50 /usr/local/ps2dev/ps2sdk/ee/lib/libkernel.a(configGetTvScreenTypeWithIODriver.o)
                0x0010bef0                configGetTvScreenTypeWithIODriver
 .text          0x0010bf40       0x40 /usr/local/ps2dev/ps2sdk/ee/lib/libkernel.a(DIntr.o)
                0x0010bf40                DIntr
 .text          0x0010bf80       0x18 /usr/local/ps2dev/ps2sdk/ee/lib/libkernel.a(EIntr.o)
                0x0010bf80                EIntr
 .text          0x0010bf98       0x58 /usr/local/ps2dev/ps2sdk/ee/lib/libkernel.a(SyncDCache.o)
                0x0010bf98                SyncDCache
 .text          0x0010bff0       0x38 /usr/local/ps2dev/ps2sdk/ee/lib/libkernel.a(_InitSys.o)
                0x0010bff0                _InitSys
 .text          0x0010c028      0x1a0 /usr/local/ps2dev/ps2sdk/ee/lib/libkernel.a(_thread_internals.o)
                0x0010c0f0                InitThread
 .text          0x0010c1c8       0xa0 /usr/local/ps2dev/ps2sdk/ee/lib/libkernel.a(iWakeupThread.o)
                0x0010c1c8                iWakeupThread
 .text          0x0010c268       0x90 /usr/local/ps2dev/ps2sdk/ee/lib/libkernel.a(libosd.o)
                0x0010c268                InitExecPS2
 .text          0x0010c2f8       0x58 /usr/local/ps2dev/ps2sdk/ee/lib/libkernel.a(libosd_common.o)
                0x0010c2f8                PatchIsNeeded
 .text          0x0010c350        0x0 /usr/local/ps2dev/ps2sdk/ee/lib/libkernel.a(osdsrc_bin.o)
 .text          0x0010c350      0x290 /usr/local/ps2dev/ps2sdk/ee/lib/libkernel.a(tlbfunc.o)
                0x0010c350                InitTLBFunctions
                0x0010c408                InitTLB
 .text          0x0010c5e0        0x0 /usr/local/ps2dev/ps2sdk/ee/lib/libkernel.a(tlbsrc_bin.o)
 .text          0x0010c5e0        0x0 /usr/local/ps2dev/ps2sdk/ee/lib/libkernel.a(srcfile_bin.o)
 .text          0x0010c5e0        0x0 /usr/local/ps2dev/ps2sdk/ee/lib/libkernel.a(eenull_bin.o)
 .text          0x0010c5e0        0x0 /usr/local/ps2dev/ps2sdk/ee/lib/libkernel.a(_exit_internals.o)
 .text          0x0010c5e0       0x20 /usr/local/ps2dev/ps2sdk/ee/lib/libkernel.a(Exit.o)
                0x0010c5e0                Exit
 .text          0x0010c600       0x50 /usr/local/ps2dev/ps2sdk/ee/lib/libkernel.a(kCopy.o)
                0x0010c600                kCopy
 .text          0x0010c650       0x3c /usr/local/ps2dev/ps2sdk/ee/lib/libkernel.a(setup_syscalls.o)
                0x0010c650                setup
                0x0010c664                Copy
                0x0010c678                GetEntryAddress
 *fill*         0x0010c68c        0x4 
 .text          0x0010c690       0x10 /usr/local/ps2dev/ps2sdk/ee/lib/libkernel.a(KExit.o)
                0x0010c690                KExit
 .text          0x0010c6a0       0x10 /usr/local/ps2dev/ps2sdk/ee/lib/libkernel.a(CreateThread.o)
                0x0010c6a0                CreateThread
 .text          0x0010c6b0       0x10 /usr/local/ps2dev/ps2sdk/ee/lib/libkernel.a(StartThread.o)
                0x0010c6b0                StartThread
 .text          0x0010c6c0       0x10 /usr/local/ps2dev/ps2sdk/ee/lib/libkernel.a(ChangeThreadPriority.o)
                0x0010c6c0                ChangeThreadPriority
 .text          0x0010c6d0       0x10 /usr/local/ps2dev/ps2sdk/ee/lib/libkernel.a(RotateThreadReadyQueue.o)
                0x0010c6d0                RotateThreadReadyQueue
 .text          0x0010c6e0       0x10 /usr/local/ps2dev/ps2sdk/ee/lib/libkernel.a(GetThreadId.o)
                0x0010c6e0                GetThreadId
 .text          0x0010c6f0       0x10 /usr/local/ps2dev/ps2sdk/ee/lib/libkernel.a(_iGetThreadId.o)
                0x0010c6f0                _iGetThreadId
 .text          0x0010c700       0x10 /usr/local/ps2dev/ps2sdk/ee/lib/libkernel.a(WakeupThread.o)
                0x0010c700                WakeupThread
 .text          0x0010c710       0x10 /usr/local/ps2dev/ps2sdk/ee/lib/libkernel.a(_iWakeupThread.o)
                0x0010c710                _iWakeupThread
 .text          0x0010c720       0x10 /usr/local/ps2dev/ps2sdk/ee/lib/libkernel.a(SuspendThread.o)
                0x0010c720                SuspendThread
 .text          0x0010c730       0x10 /usr/local/ps2dev/ps2sdk/ee/lib/libkernel.a(CreateSema.o)
                0x0010c730                CreateSema
 .text          0x0010c740       0x10 /usr/local/ps2dev/ps2sdk/ee/lib/libkernel.a(DeleteSema.o)
                0x0010c740                DeleteSema
 .text          0x0010c750       0x10 /usr/local/ps2dev/ps2sdk/ee/lib/libkernel.a(iSignalSema.o)
                0x0010c750                iSignalSema
 .text          0x0010c760       0x10 /usr/local/ps2dev/ps2sdk/ee/lib/libkernel.a(WaitSema.o)
                0x0010c760                WaitSema
 .text          0x0010c770       0x10 /usr/local/ps2dev/ps2sdk/ee/lib/libkernel.a(SetOsdConfigParam.o)
                0x0010c770                SetOsdConfigParam
 .text          0x0010c780       0x10 /usr/local/ps2dev/ps2sdk/ee/lib/libkernel.a(GetOsdConfigParam.o)
                0x0010c780                GetOsdConfigParam
 .text          0x0010c790       0x10 /usr/local/ps2dev/ps2sdk/ee/lib/libkernel.a(_SetTLBEntry.o)
                0x0010c790                _SetTLBEntry
 .text          0x0010c7a0       0x10 /usr/local/ps2dev/ps2sdk/ee/lib/libkernel.a(sceSifSetReg.o)
                0x0010c7a0                sceSifSetReg
 .text          0x0010c7b0       0x10 /usr/local/ps2dev/ps2sdk/ee/lib/libkernel.a(sceSifGetReg.o)
                0x0010c7b0                sceSifGetReg
 .text          0x0010c7c0       0x10 /usr/local/ps2dev/ps2sdk/ee/lib/libkernel.a(GetMemorySize.o)
                0x0010c7c0                GetMemorySize
 .text          0x0010c7d0       0x10 /usr/local/ps2dev/ps2sdk/ee/lib/libkernel.a(_InitTLB.o)
                0x0010c7d0                _InitTLB
 .text          0x0010c7e0       0xa8 /usr/local/ps2dev/ps2sdk/ee/lib/libkernel.a(_SyncDCache.o)
                0x0010c7e0                _SyncDCache
 .text          0x0010c888       0x20 /usr/local/ps2dev/ps2sdk/ee/lib/libkernel.a(sceSifSendCmd.o)
                0x0010c888                sceSifSendCmd
 .text          0x0010c8a8       0x20 /usr/local/ps2dev/ps2sdk/ee/lib/libkernel.a(isceSifSendCmd.o)
                0x0010c8a8                isceSifSendCmd
 .text          0x0010c8c8      0x318 /usr/local/ps2dev/ps2sdk/ee/lib/libkernel.a(sif_cmd_main.o)
                0x0010c8f8                sceSifInitCmd
                0x0010cba8                sceSifExitCmd
 .text          0x0010cbe0       0x58 /usr/local/ps2dev/ps2sdk/ee/lib/libkernel.a(sceSifAddCmdHandler.o)
                0x0010cbe0                sceSifAddCmdHandler
 .text          0x0010cc38       0x18 /usr/local/ps2dev/ps2sdk/ee/lib/libkernel.a(sceSifGetSreg.o)
                0x0010cc38                sceSifGetSreg
 .text          0x0010cc50       0x30 /usr/local/ps2dev/ps2sdk/ee/lib/libkernel.a(_rpc_get_fpacket.o)
                0x0010cc50                _rpc_get_fpacket
 .text          0x0010cc80       0x98 /usr/local/ps2dev/ps2sdk/ee/lib/libkernel.a(IsT10KWithIODriver.o)
                0x0010cc80                IsT10KWithIODriver
 .text          0x0010cd18        0x0 /usr/local/ps2dev/ps2sdk/ee/lib/libkernel.a(_config_internals.o)
 .text          0x0010cd18       0x78 /usr/local/ps2dev/ps2sdk/ee/lib/libkernel.a(EnableDmac.o)
                0x0010cd18                EnableDmac
 .text          0x0010cd90       0x78 /usr/local/ps2dev/ps2sdk/ee/lib/libkernel.a(DisableDmac.o)
                0x0010cd90                DisableDmac
 .text          0x0010ce08       0x20 /usr/local/ps2dev/ps2sdk/ee/lib/libkernel.a(_ps2sdk_init_timer.o)
                0x0010ce08                _ps2sdk_init_timer
 .text          0x0010ce28       0x20 /usr/local/ps2dev/ps2sdk/ee/lib/libkernel.a(TerminateLibrary.o)
                0x0010ce28                TerminateLibrary
 *fill*         0x0010ce48        0x8 
 .text          0x0010ce50       0x10 /usr/local/ps2dev/ps2sdk/ee/lib/libkernel.a(AddDmacHandler.o)
                0x0010ce50                AddDmacHandler
 .text          0x0010ce60       0x10 /usr/local/ps2dev/ps2sdk/ee/lib/libkernel.a(RemoveDmacHandler.o)
                0x0010ce60                RemoveDmacHandler
 .text          0x0010ce70       0x10 /usr/local/ps2dev/ps2sdk/ee/lib/libkernel.a(_EnableDmac.o)
                0x0010ce70                _EnableDmac
 .text          0x0010ce80       0x10 /usr/local/ps2dev/ps2sdk/ee/lib/libkernel.a(_DisableDmac.o)
                0x0010ce80                _DisableDmac
 .text          0x0010ce90       0x10 /usr/local/ps2dev/ps2sdk/ee/lib/libkernel.a(sceSifSetDChain.o)
                0x0010ce90                sceSifSetDChain
 .text          0x0010cea0      0x140 /usr/local/ps2dev/ps2sdk/ee/lib/libkernel.a(_SifSendCmd.o)
                0x0010cea0                _SifSendCmd
 .text          0x0010cfe0      0x108 /usr/local/ps2dev/ps2sdk/ee/lib/libkernel.a(_SifCmdIntHandler.o)
                0x0010cfe0                _SifCmdIntHandler
 .text          0x0010d0e8        0x0 /usr/local/ps2dev/ps2sdk/ee/lib/libkernel.a(_info_internals.o)
 .text          0x0010d0e8       0x20 /usr/local/ps2dev/ps2sdk/ee/lib/libkernel.a(_ps2sdk_deinit_timer.o)
                0x0010d0e8                _ps2sdk_deinit_timer
 *fill*         0x0010d108        0x8 
 .text          0x0010d110       0x10 /usr/local/ps2dev/ps2sdk/ee/lib/libkernel.a(sceSifSetDma.o)
                0x0010d110                sceSifSetDma
 .text          0x0010d120       0x10 /usr/local/ps2dev/ps2sdk/ee/lib/libkernel.a(isceSifSetDma.o)
                0x0010d120                isceSifSetDma
 .text          0x0010d130       0x10 /usr/local/ps2dev/ps2sdk/ee/lib/libkernel.a(isceSifSetDChain.o)
                0x0010d130                isceSifSetDChain
 .text          0x0010d140       0xb0 /usr/local/ps2dev/ps2sdk/ee/lib/libkernel.a(sceSifWriteBackDCache.o)
                0x0010d140                sceSifWriteBackDCache
 .text          0x0010d1f0       0x10 /usr/local/ps2dev/ps2sdk/ee/lib/libkernel.a(ExitThread.o)
                0x0010d1f0                ExitThread
 .text          0x0010d200       0x80 /usr/local/ps2dev/ee/bin/../lib/gcc/mips64r5900el-ps2-elf/15.2.0/libgcc.a(_fixunsdfdi.o)
                0x0010d200                __fixunsdfdi
 .text          0x0010d280       0x50 /usr/local/ps2dev/ee/bin/../lib/gcc/mips64r5900el-ps2-elf/15.2.0/libgcc.a(_floatundidf.o)
                0x0010d280                __floatundidf
 .text          0x0010d2d0       0x40 /usr/local/ps2dev/ee/bin/../lib/gcc/mips64r5900el-ps2-elf/15.2.0/libgcc.a(_sf_to_df.o)
                0x0010d2d0                __extendsfdf2
 .text          0x0010d310      0x318 /usr/local/ps2dev/ee/bin/../lib/gcc/mips64r5900el-ps2-elf/15.2.0/libgcc.a(_addsub_df.o)
                0x0010d578                __adddf3
                0x0010d5c8                __subdf3
 .text          0x0010d628      0x2b0 /usr/local/ps2dev/ee/bin/../lib/gcc/mips64r5900el-ps2-elf/15.2.0/libgcc.a(_mul_df.o)
                0x0010d628                __muldf3
 .text          0x0010d8d8       0x38 /usr/local/ps2dev/ee/bin/../lib/gcc/mips64r5900el-ps2-elf/15.2.0/libgcc.a(_make_df.o)
                0x0010d8d8                __make_dp
 .text          0x0010d910       0x58 /usr/local/ps2dev/ee/bin/../lib/gcc/mips64r5900el-ps2-elf/15.2.0/libgcc.a(_df_to_sf.o)
                0x0010d910                __truncdfsf2
 .text          0x0010d968        0x0 /usr/local/ps2dev/ee/bin/../lib/gcc/mips64r5900el-ps2-elf/15.2.0/libgcc.a(_thenan_df.o)
 .text          0x0010d968       0x78 /usr/local/ps2dev/ee/bin/../lib/gcc/mips64r5900el-ps2-elf/15.2.0/libgcc.a(_usi_to_df.o)
                0x0010d968                __floatunsidf
 .text          0x0010d9e0       0x80 /usr/local/ps2dev/ee/bin/../lib/gcc/mips64r5900el-ps2-elf/15.2.0/libgcc.a(_clzsi2.o)
                0x0010d9e0                __clzdi2
 .text          0x0010da60       0x68 /usr/local/ps2dev/ee/bin/../lib/gcc/mips64r5900el-ps2-elf/15.2.0/libgcc.a(_fixunsdfsi.o)
                0x0010da60                __fixunsdfsi
 .text          0x0010dac8       0xe8 /usr/local/ps2dev/ee/bin/../lib/gcc/mips64r5900el-ps2-elf/15.2.0/libgcc.a(_unpack_sf.o)
                0x0010dac8                __unpack_f
 .text          0x0010dbb0       0x38 /usr/local/ps2dev/ee/bin/../lib/gcc/mips64r5900el-ps2-elf/15.2.0/libgcc.a(_make_sf.o)
                0x0010dbb0                __make_fp
 .text          0x0010dbe8      0x1d8 /usr/local/ps2dev/ee/bin/../lib/gcc/mips64r5900el-ps2-elf/15.2.0/libgcc.a(_pack_df.o)
                0x0010dbe8                __pack_d
 .text          0x0010ddc0       0xf0 /usr/local/ps2dev/ee/bin/../lib/gcc/mips64r5900el-ps2-elf/15.2.0/libgcc.a(_unpack_df.o)
                0x0010ddc0                __unpack_d
 .text          0x0010deb0       0x78 /usr/local/ps2dev/ee/bin/../lib/gcc/mips64r5900el-ps2-elf/15.2.0/libgcc.a(_ge_df.o)
                0x0010deb0                __gedf2
 .text          0x0010df28       0xc8 /usr/local/ps2dev/ee/bin/../lib/gcc/mips64r5900el-ps2-elf/15.2.0/libgcc.a(_df_to_si.o)
                0x0010df28                __fixdfsi
 .text          0x0010dff0        0x0 /usr/local/ps2dev/ee/bin/../lib/gcc/mips64r5900el-ps2-elf/15.2.0/libgcc.a(_clz.o)
 .text          0x0010dff0      0x1c0 /usr/local/ps2dev/ee/bin/../lib/gcc/mips64r5900el-ps2-elf/15.2.0/libgcc.a(_pack_sf.o)
                0x0010dff0                __pack_f
 .text          0x0010e1b0      0x138 /usr/local/ps2dev/ee/bin/../lib/gcc/mips64r5900el-ps2-elf/15.2.0/libgcc.a(_fpcmp_parts_df.o)
                0x0010e1b0                __fpcmp_parts_d
 .text          0x0010e2e8       0x10 /usr/local/ps2dev/ee/bin/../lib/gcc/mips64r5900el-ps2-elf/15.2.0/../../../../mips64r5900el-ps2-elf/lib/libc.a(libc_a-sysclose.o)
                0x0010e2e8                close
 .text          0x0010e2f8        0x0 /usr/local/ps2dev/ee/bin/../lib/gcc/mips64r5900el-ps2-elf/15.2.0/../../../../mips64r5900el-ps2-elf/lib/libc.a(libc_a-impure.o)
 .text          0x0010e2f8      0x1c0 /usr/local/ps2dev/ee/bin/../lib/gcc/mips64r5900el-ps2-elf/15.2.0/../../../../mips64r5900el-ps2-elf/lib/libc.a(libc_a-puts.o)
                0x0010e2f8                _puts_r
                0x0010e4a8                puts
 .text          0x0010e4b8      0x3e8 /usr/local/ps2dev/ee/bin/../lib/gcc/mips64r5900el-ps2-elf/15.2.0/../../../../mips64r5900el-ps2-elf/lib/libc.a(libc_a-fread.o)
                0x0010e4b8                _fread_r
                0x0010e880                fread
 .text          0x0010e8a0       0x50 /usr/local/ps2dev/ee/bin/../lib/gcc/mips64r5900el-ps2-elf/15.2.0/../../../../mips64r5900el-ps2-elf/lib/libc.a(libc_a-sysopen.o)
                0x0010e8a0                open
 .text          0x0010e8f0      0x130 /usr/local/ps2dev/ee/bin/../lib/gcc/mips64r5900el-ps2-elf/15.2.0/../../../../mips64r5900el-ps2-elf/lib/libc.a(libc_a-memcpy.o)
                0x0010e8f0                memcpy
 .text          0x0010ea20      0x538 /usr/local/ps2dev/ee/bin/../lib/gcc/mips64r5900el-ps2-elf/15.2.0/../../../../mips64r5900el-ps2-elf/lib/libc.a(libc_a-findfp.o)
                0x0010ecd0                __sfp
                0x0010ee48                __sinit
                0x0010eec8                __sfp_lock_acquire
                0x0010eed8                __sfp_lock_release
                0x0010eee8                __fp_lock_all
                0x0010ef20                __fp_unlock_all
 .text          0x0010ef58      0x1c8 /usr/local/ps2dev/ee/bin/../lib/gcc/mips64r5900el-ps2-elf/15.2.0/../../../../mips64r5900el-ps2-elf/lib/libc.a(libc_a-fclose.o)
                0x0010ef58                _fclose_r
                0x0010f110                fclose
 .text          0x0010f120      0x218 /usr/local/ps2dev/ee/bin/../lib/gcc/mips64r5900el-ps2-elf/15.2.0/../../../../mips64r5900el-ps2-elf/lib/libc.a(libc_a-refill.o)
                0x0010f150                __srefill_r
 .text          0x0010f338       0x98 /usr/local/ps2dev/ee/bin/../lib/gcc/mips64r5900el-ps2-elf/15.2.0/../../../../mips64r5900el-ps2-elf/lib/libc.a(libc_a-printf.o)
                0x0010f338                _printf_r
                0x0010f380                printf
 .text          0x0010f3d0       0x18 /usr/local/ps2dev/ee/bin/../lib/gcc/mips64r5900el-ps2-elf/15.2.0/../../../../mips64r5900el-ps2-elf/lib/libc.a(libc_a-sysread.o)
                0x0010f3d0                read
 .text          0x0010f3e8       0x78 /usr/local/ps2dev/ee/bin/../lib/gcc/mips64r5900el-ps2-elf/15.2.0/../../../../mips64r5900el-ps2-elf/lib/libc.a(libc_a-openr.o)
                0x0010f3e8                _open_r
 .text          0x0010f460      0xa58 /usr/local/ps2dev/ee/bin/../lib/gcc/mips64r5900el-ps2-elf/15.2.0/../../../../mips64r5900el-ps2-elf/lib/libc.a(libc_a-mallocr.o)
                0x0010f460                _malloc_r
 .text          0x0010feb8      0x4b0 /usr/local/ps2dev/ee/bin/../lib/gcc/mips64r5900el-ps2-elf/15.2.0/../../../../mips64r5900el-ps2-elf/lib/libc.a(libc_a-freer.o)
                0x0010feb8                _malloc_trim_r
                0x00110000                _free_r
 .text          0x00110368      0x1e8 /usr/local/ps2dev/ee/bin/../lib/gcc/mips64r5900el-ps2-elf/15.2.0/../../../../mips64r5900el-ps2-elf/lib/libc.a(libc_a-fopen.o)
                0x00110368                _fopen_r
                0x00110538                fopen
 .text          0x00110550       0x20 /usr/local/ps2dev/ee/bin/../lib/gcc/mips64r5900el-ps2-elf/15.2.0/../../../../mips64r5900el-ps2-elf/lib/libc.a(libc_a-atoi.o)
                0x00110550                atoi
                0x00110560                _atoi_r
 .text          0x00110570      0x2c8 /usr/local/ps2dev/ee/bin/../lib/gcc/mips64r5900el-ps2-elf/15.2.0/../../../../mips64r5900el-ps2-elf/lib/libc.a(libc_a-strtol.o)
                0x00110800                _strtol_r
                0x00110808                strtol_l
                0x00110820                strtol
 .text          0x00110838       0x10 /usr/local/ps2dev/ee/bin/../lib/gcc/mips64r5900el-ps2-elf/15.2.0/../../../../mips64r5900el-ps2-elf/lib/libc.a(libc_a-errno.o)
                0x00110838                __errno
 .text          0x00110848       0x70 /usr/local/ps2dev/ee/bin/../lib/gcc/mips64r5900el-ps2-elf/15.2.0/../../../../mips64r5900el-ps2-elf/lib/libc.a(libc_a-closer.o)
                0x00110848                _close_r
 .text          0x001108b8       0x78 /usr/local/ps2dev/ee/bin/../lib/gcc/mips64r5900el-ps2-elf/15.2.0/../../../../mips64r5900el-ps2-elf/lib/libc.a(libc_a-readr.o)
                0x001108b8                _read_r
 .text          0x00110930       0xd0 /usr/local/ps2dev/ee/bin/../lib/gcc/mips64r5900el-ps2-elf/15.2.0/../../../../mips64r5900el-ps2-elf/lib/libc.a(libc_a-strncat.o)
                0x00110930                strncat
 .text          0x00110a00       0x20 /usr/local/ps2dev/ee/bin/../lib/gcc/mips64r5900el-ps2-elf/15.2.0/../../../../mips64r5900el-ps2-elf/lib/libc.a(libc_a-mlock.o)
                0x00110a00                __malloc_lock
                0x00110a10                __malloc_unlock
 .text          0x00110a20      0x258 /usr/local/ps2dev/ee/bin/../lib/gcc/mips64r5900el-ps2-elf/15.2.0/../../../../mips64r5900el-ps2-elf/lib/libc.a(libc_a-makebuf.o)
                0x00110a20                __smakebuf_r
                0x00110b88                __swhatbuf_r
 .text          0x00110c78       0x70 /usr/local/ps2dev/ee/bin/../lib/gcc/mips64r5900el-ps2-elf/15.2.0/../../../../mips64r5900el-ps2-elf/lib/libc.a(libc_a-sbrkr.o)
                0x00110c78                _sbrk_r
 .text          0x00110ce8        0x0 /usr/local/ps2dev/ee/bin/../lib/gcc/mips64r5900el-ps2-elf/15.2.0/../../../../mips64r5900el-ps2-elf/lib/libc.a(libc_a-ctype_.o)
 .text          0x00110ce8      0x570 /usr/local/ps2dev/ee/bin/../lib/gcc/mips64r5900el-ps2-elf/15.2.0/../../../../mips64r5900el-ps2-elf/lib/libc.a(libc_a-fvwrite.o)
                0x00110ce8                __sfvwrite_r
 .text          0x00111258      0x178 /usr/local/ps2dev/ee/bin/../lib/gcc/mips64r5900el-ps2-elf/15.2.0/../../../../mips64r5900el-ps2-elf/lib/libc.a(libc_a-stdio.o)
                0x00111258                __sread
                0x001112c0                __seofread
                0x001112c8                __swrite
                0x00111360                __sseek
                0x001113c8                __sclose
 .text          0x001113d0      0x4b0 /usr/local/ps2dev/ee/bin/../lib/gcc/mips64r5900el-ps2-elf/15.2.0/../../../../mips64r5900el-ps2-elf/lib/libc.a(libc_a-fflush.o)
                0x001113d0                __sflush_r
                0x00111650                _fflush_r
                0x00111760                fflush
 .text          0x00111880       0x18 /usr/local/ps2dev/ee/bin/../lib/gcc/mips64r5900el-ps2-elf/15.2.0/../../../../mips64r5900el-ps2-elf/lib/libc.a(libc_a-malign.o)
                0x00111880                memalign
 .text          0x00111898       0xc8 /usr/local/ps2dev/ee/bin/../lib/gcc/mips64r5900el-ps2-elf/15.2.0/../../../../mips64r5900el-ps2-elf/lib/libc.a(libc_a-fwalk.o)
                0x00111898                _fwalk_sglue
 .text          0x00111960       0x78 /usr/local/ps2dev/ee/bin/../lib/gcc/mips64r5900el-ps2-elf/15.2.0/../../../../mips64r5900el-ps2-elf/lib/libc.a(libc_a-fstatr.o)
                0x00111960                _fstat_r
 .text          0x001119d8     0x3918 /usr/local/ps2dev/ee/bin/../lib/gcc/mips64r5900el-ps2-elf/15.2.0/../../../../mips64r5900el-ps2-elf/lib/libc.a(libc_a-vfprintf.o)
                0x001119d8                _vfprintf_r
                0x001151f0                vfprintf
 .text          0x001152f0       0x20 /usr/local/ps2dev/ee/bin/../lib/gcc/mips64r5900el-ps2-elf/15.2.0/../../../../mips64r5900el-ps2-elf/lib/libc.a(libc_a-fseek.o)
                0x001152f0                _fseek_r
                0x001152f8                fseek
 .text          0x00115310       0xd8 /usr/local/ps2dev/ee/bin/../lib/gcc/mips64r5900el-ps2-elf/15.2.0/../../../../mips64r5900el-ps2-elf/lib/libc.a(libc_a-flags.o)
                0x00115310                __sflags
 .text          0x001153e8       0x70 /usr/local/ps2dev/ee/bin/../lib/gcc/mips64r5900el-ps2-elf/15.2.0/../../../../mips64r5900el-ps2-elf/lib/libc.a(libc_a-isattyr.o)
                0x001153e8                _isatty_r
 .text          0x00115458      0x178 /usr/local/ps2dev/ee/bin/../lib/gcc/mips64r5900el-ps2-elf/15.2.0/../../../../mips64r5900el-ps2-elf/lib/libc.a(libc_a-memmove.o)
                0x00115458                memmove
 .text          0x001155d0      0x120 /usr/local/ps2dev/ee/bin/../lib/gcc/mips64r5900el-ps2-elf/15.2.0/../../../../mips64r5900el-ps2-elf/lib/libc.a(libc_a-reent.o)
                0x001155d0                _reclaim_reent
 .text          0x001156f0      0x208 /usr/local/ps2dev/ee/bin/../lib/gcc/mips64r5900el-ps2-elf/15.2.0/../../../../mips64r5900el-ps2-elf/lib/libc.a(libc_a-malignr.o)
                0x001156f0                _memalign_r
 .text          0x001158f8     0x1d08 /usr/local/ps2dev/ee/bin/../lib/gcc/mips64r5900el-ps2-elf/15.2.0/../../../../mips64r5900el-ps2-elf/lib/libc.a(libc_a-dtoa.o)
                0x00115b28                _dtoa_r
 .text          0x00117600      0x1c0 /usr/local/ps2dev/ee/bin/../lib/gcc/mips64r5900el-ps2-elf/15.2.0/../../../../mips64r5900el-ps2-elf/lib/libc.a(libc_a-wsetup.o)
                0x00117600                __swsetup_r
 .text          0x001177c0      0x628 /usr/local/ps2dev/ee/bin/../lib/gcc/mips64r5900el-ps2-elf/15.2.0/../../../../mips64r5900el-ps2-elf/lib/libc.a(libc_a-fseeko.o)
                0x001177c0                _fseeko_r
                0x00117dd0                fseeko
 .text          0x00117de8       0x78 /usr/local/ps2dev/ee/bin/../lib/gcc/mips64r5900el-ps2-elf/15.2.0/../../../../mips64r5900el-ps2-elf/lib/libc.a(libc_a-writer.o)
                0x00117de8                _write_r
 .text          0x00117e60       0x78 /usr/local/ps2dev/ee/bin/../lib/gcc/mips64r5900el-ps2-elf/15.2.0/../../../../mips64r5900el-ps2-elf/lib/libc.a(libc_a-lseekr.o)
                0x00117e60                _lseek_r
 .text          0x00117ed8      0x6f0 /usr/local/ps2dev/ee/bin/../lib/gcc/mips64r5900el-ps2-elf/15.2.0/../../../../mips64r5900el-ps2-elf/lib/libc.a(libc_a-reallocr.o)
                0x00117ed8                _realloc_r
 .text          0x001185c8       0xe8 /usr/local/ps2dev/ee/bin/../lib/gcc/mips64r5900el-ps2-elf/15.2.0/../../../../mips64r5900el-ps2-elf/lib/libc.a(libc_a-memchr.o)
                0x001185c8                memchr
 .text          0x001186b0       0x78 /usr/local/ps2dev/ee/bin/../lib/gcc/mips64r5900el-ps2-elf/15.2.0/../../../../mips64r5900el-ps2-elf/lib/libc.a(libc_a-_isatty.o)
                0x001186b0                _isatty
 .text          0x00118728       0xf8 /usr/local/ps2dev/ee/bin/../lib/gcc/mips64r5900el-ps2-elf/15.2.0/../../../../mips64r5900el-ps2-elf/lib/libc.a(libm_a-s_frexp.o)
                0x00118728                frexp
 .text          0x00118820       0x40 /usr/local/ps2dev/ee/bin/../lib/gcc/mips64r5900el-ps2-elf/15.2.0/../../../../mips64r5900el-ps2-elf/lib/libc.a(libc_a-sprint_r.o)
                0x00118820                __sprint_r
 .text          0x00118860       0x78 /usr/local/ps2dev/ee/bin/../lib/gcc/mips64r5900el-ps2-elf/15.2.0/../../../../mips64r5900el-ps2-elf/lib/libc.a(libc_a-assert.o)
                0x00118860                __assert_func
                0x001188c0                __assert
 .text          0x001188d8     0x15e0 /usr/local/ps2dev/ee/bin/../lib/gcc/mips64r5900el-ps2-elf/15.2.0/../../../../mips64r5900el-ps2-elf/lib/libc.a(libc_a-mprec.o)
                0x001188d8                _Balloc
                0x00118998                _Bfree
                0x001189c8                __multadd
                0x00118b30                __s2b
                0x00118cc8                __hi0bits
                0x00118d90                __lo0bits
                0x00118ed8                __i2b
                0x00118fc0                __multiply
                0x00119258                __pow5mult
                0x001193d8                __lshift
                0x00119598                __mcmp
                0x00119608                __mdiff
                0x00119888                __ulp
                0x00119938                __b2d
                0x00119ae0                __d2b
                0x00119c50                __ratio
                0x00119d08                _mprec_log10
                0x00119d98                __copybits
                0x00119e30                __any_on
 .text          0x00119eb8       0x28 /usr/local/ps2dev/ee/bin/../lib/gcc/mips64r5900el-ps2-elf/15.2.0/../../../../mips64r5900el-ps2-elf/lib/libc.a(libc_a-localeconv.o)
                0x00119eb8                __localeconv_l
                0x00119ec0                _localeconv_r
                0x00119ed0                localeconv
 .text          0x00119ee0      0x140 /usr/local/ps2dev/ee/bin/../lib/gcc/mips64r5900el-ps2-elf/15.2.0/../../../../mips64r5900el-ps2-elf/lib/libc.a(libc_a-locale.o)
                0x00119ee0                _setlocale_r
                0x00119f78                __locale_mb_cur_max
                0x00119f88                setlocale
 .text          0x0011a020       0x60 /usr/local/ps2dev/ee/bin/../lib/gcc/mips64r5900el-ps2-elf/15.2.0/../../../../mips64r5900el-ps2-elf/lib/libc.a(libc_a-mbtowc_r.o)
                0x0011a020                _mbtowc_r
                0x0011a030                __ascii_mbtowc
 .text          0x0011a080       0x18 /usr/local/ps2dev/ee/bin/../lib/gcc/mips64r5900el-ps2-elf/15.2.0/../../../../mips64r5900el-ps2-elf/lib/libc.a(libc_a-abort.o)
                0x0011a080                abort
 .text          0x0011a098      0x138 /usr/local/ps2dev/ee/bin/../lib/gcc/mips64r5900el-ps2-elf/15.2.0/../../../../mips64r5900el-ps2-elf/lib/libc.a(libc_a-callocr.o)
                0x0011a098                _calloc_r
 .text          0x0011a1d0       0x88 /usr/local/ps2dev/ee/bin/../lib/gcc/mips64r5900el-ps2-elf/15.2.0/../../../../mips64r5900el-ps2-elf/lib/libc.a(libc_a-fiprintf.o)
                0x0011a1d0                _fiprintf_r
                0x0011a208                fiprintf
 .text          0x0011a258       0x48 /usr/local/ps2dev/ee/bin/../lib/gcc/mips64r5900el-ps2-elf/15.2.0/../../../../mips64r5900el-ps2-elf/lib/libc.a(libc_a-wctomb_r.o)
                0x0011a258                _wctomb_r
                0x0011a268                __ascii_wctomb
 .text          0x0011a2a0       0x18 /usr/local/ps2dev/ee/bin/../lib/gcc/mips64r5900el-ps2-elf/15.2.0/../../../../mips64r5900el-ps2-elf/lib/libc.a(libc_a-sysfstat.o)
                0x0011a2a0                fstat
 .text          0x0011a2b8      0x598 /usr/local/ps2dev/ee/bin/../lib/gcc/mips64r5900el-ps2-elf/15.2.0/../../../../mips64r5900el-ps2-elf/lib/libc.a(libc_a-signal.o)
                0x0011a2b8                _init_signal_r
                0x0011a320                _signal_r
                0x0011a3d0                _raise_r
                0x0011a488                __sigtramp_r
                0x0011a568                raise
                0x0011a628                signal
                0x0011a6e8                _init_signal
                0x0011a760                __sigtramp
 .text          0x0011a850       0xb8 /usr/local/ps2dev/ee/bin/../lib/gcc/mips64r5900el-ps2-elf/15.2.0/../../../../mips64r5900el-ps2-elf/lib/libc.a(libc_a-strcmp.o)
                0x0011a850                strcmp
 .text          0x0011a908     0x1910 /usr/local/ps2dev/ee/bin/../lib/gcc/mips64r5900el-ps2-elf/15.2.0/../../../../mips64r5900el-ps2-elf/lib/libc.a(libc_a-vfiprintf.o)
                0x0011a908                _vfiprintf_r
                0x0011c118                vfiprintf
 .text          0x0011c218       0x80 /usr/local/ps2dev/ee/bin/../lib/gcc/mips64r5900el-ps2-elf/15.2.0/../../../../mips64r5900el-ps2-elf/lib/libc.a(libc_a-signalr.o)
                0x0011c218                _kill_r
                0x0011c290                _getpid_r
 .text          0x0011c298       0x40 /usr/local/ps2dev/ps2sdk/ee/lib/libcglue.a(_libcglue_init.o)
                0x0011c298                _libcglue_init
 .text          0x0011c2d8       0x30 /usr/local/ps2dev/ps2sdk/ee/lib/libcglue.a(_libcglue_deinit.o)
                0x0011c2d8                _libcglue_deinit
 .text          0x0011c308        0x8 /usr/local/ps2dev/ps2sdk/ee/lib/libcglue.a(_libcglue_args_parse.o)
                0x0011c308                _libcglue_args_parse
 .text          0x0011c310       0xa8 /usr/local/ps2dev/ps2sdk/ee/lib/libcglue.a(__init_cwd.o)
                0x0011c310                __init_cwd
 .text          0x0011c3b8      0x170 /usr/local/ps2dev/ps2sdk/ee/lib/libcglue.a(_open.o)
                0x0011c3b8                _open
 .text          0x0011c528       0xc8 /usr/local/ps2dev/ps2sdk/ee/lib/libcglue.a(_close.o)
                0x0011c528                _close
 .text          0x0011c5f0       0x90 /usr/local/ps2dev/ps2sdk/ee/lib/libcglue.a(_read.o)
                0x0011c5f0                _read
 .text          0x0011c680       0x90 /usr/local/ps2dev/ps2sdk/ee/lib/libcglue.a(_write.o)
                0x0011c680                _write
 .text          0x0011c710       0xe8 /usr/local/ps2dev/ps2sdk/ee/lib/libcglue.a(_fstat.o)
                0x0011c710                _fstat
 .text          0x0011c7f8       0x90 /usr/local/ps2dev/ps2sdk/ee/lib/libcglue.a(_lseek.o)
                0x0011c7f8                _lseek
 .text          0x0011c888       0x78 /usr/local/ps2dev/ps2sdk/ee/lib/libcglue.a(chdir.o)
                0x0011c888                chdir
 .text          0x0011c900        0x8 /usr/local/ps2dev/ps2sdk/ee/lib/libcglue.a(_getpid.o)
                0x0011c900                _getpid
 .text          0x0011c908       0x18 /usr/local/ps2dev/ps2sdk/ee/lib/libcglue.a(_kill.o)
                0x0011c908                _kill
 .text          0x0011c920       0x68 /usr/local/ps2dev/ps2sdk/ee/lib/libcglue.a(_sbrk.o)
                0x0011c920                _sbrk
 .text          0x0011c988        0x0 /usr/local/ps2dev/ps2sdk/ee/lib/libcglue.a(__lock___sfp_recursive_mutex.o)
 .text          0x0011c988        0x0 /usr/local/ps2dev/ps2sdk/ee/lib/libcglue.a(__lock___malloc_recursive_mutex.o)
 .text          0x0011c988       0x68 /usr/local/ps2dev/ps2sdk/ee/lib/libcglue.a(__retarget_lock_init_recursive.o)
                0x0011c988                __retarget_lock_init_recursive
 .text          0x0011c9f0       0x30 /usr/local/ps2dev/ps2sdk/ee/lib/libcglue.a(__retarget_lock_close_recursive.o)
                0x0011c9f0                __retarget_lock_close_recursive
 .text          0x0011ca20       0x98 /usr/local/ps2dev/ps2sdk/ee/lib/libcglue.a(__retarget_lock_acquire_recursive.o)
                0x0011ca20                __retarget_lock_acquire_recursive
 .text          0x0011cab8       0x78 /usr/local/ps2dev/ps2sdk/ee/lib/libcglue.a(__retarget_lock_release_recursive.o)
                0x0011cab8                __retarget_lock_release_recursive
 .text          0x0011cb30      0x170 /usr/local/ps2dev/ps2sdk/ee/lib/libcglue.a(__locks_init.o)
                0x0011cb30                __locks_init
 .text          0x0011cca0       0x78 /usr/local/ps2dev/ps2sdk/ee/lib/libcglue.a(__locks_deinit.o)
                0x0011cca0                __locks_deinit
 .text          0x0011cd18       0x20 /usr/local/ps2dev/ps2sdk/ee/lib/libcglue.a(_libcglue_rtc_update.o)
                0x0011cd18                _libcglue_rtc_update
 .text          0x0011cd38       0x20 /usr/local/ps2dev/ps2sdk/ee/lib/libcglue.a(_libcglue_timezone_update.o)
                0x0011cd38                _libcglue_timezone_update
 .text          0x0011cd58        0x0 /usr/local/ps2dev/ps2sdk/ee/lib/libcglue.a(__descriptormap.o)
 .text          0x0011cd58       0xd0 /usr/local/ps2dev/ps2sdk/ee/lib/libcglue.a(__fdman_init.o)
                0x0011cd58                __fdman_init
 .text          0x0011ce28       0x20 /usr/local/ps2dev/ps2sdk/ee/lib/libcglue.a(__fdman_deinit.o)
                0x0011ce28                __fdman_deinit
 .text          0x0011ce48       0xd0 /usr/local/ps2dev/ps2sdk/ee/lib/libcglue.a(__fdman_get_new_descriptor.o)
                0x0011ce48                __fdman_get_new_descriptor
 .text          0x0011cf18       0x90 /usr/local/ps2dev/ps2sdk/ee/lib/libcglue.a(__fdman_release_descriptor.o)
                0x0011cf18                __fdman_release_descriptor
 .text          0x0011cfa8        0x8 /usr/local/ps2dev/ps2sdk/ee/lib/libcglue.a(__gprof_init.o)
                0x0011cfa8                __gprof_init
 .text          0x0011cfb0        0x8 /usr/local/ps2dev/ps2sdk/ee/lib/libcglue.a(__gprof_cleanup.o)
                0x0011cfb0                __gprof_cleanup
 .text          0x0011cfb8        0x8 /usr/local/ps2dev/ps2sdk/ee/lib/libcglue.a(__libpthreadglue_init.o)
                0x0011cfb8                __libpthreadglue_init
 .text          0x0011cfc0        0x8 /usr/local/ps2dev/ps2sdk/ee/lib/libcglue.a(__libpthreadglue_deinit.o)
                0x0011cfc0                __libpthreadglue_deinit
 .text          0x0011cfc8        0x0 /usr/local/ps2dev/ps2sdk/ee/lib/libcglue.a(__cwd.o)
 .text          0x0011cfc8        0x0 /usr/local/ps2dev/ps2sdk/ee/lib/libcglue.a(__cwd_len.o)
 .text          0x0011cfc8      0x578 /usr/local/ps2dev/ps2sdk/ee/lib/libcglue.a(__path_absolute.o)
                0x0011cfc8                __path_absolute
 .text          0x0011d540       0x78 /usr/local/ps2dev/ps2sdk/ee/lib/libcglue.a(__libcglue_init_stdio.o)
                0x0011d540                __libcglue_init_stdio
 .text          0x0011d5b8        0x0 /usr/local/ps2dev/ps2sdk/ee/lib/libcglue.a(_libcglue_fdman_path_ops.o)
 .text          0x0011d5b8       0x28 /usr/local/ps2dev/ps2sdk/ee/lib/libcglue.a(__transform_errno.o)
                0x0011d5b8                __transform_errno
 .text          0x0011d5e0        0x0 /usr/local/ps2dev/ps2sdk/ee/lib/libcglue.a(__lock___atexit_recursive_mutex.o)
 .text          0x0011d5e0        0x0 /usr/local/ps2dev/ps2sdk/ee/lib/libcglue.a(__lock___at_quick_exit_mutex.o)
 .text          0x0011d5e0        0x0 /usr/local/ps2dev/ps2sdk/ee/lib/libcglue.a(__lock___env_recursive_mutex.o)
 .text          0x0011d5e0        0x0 /usr/local/ps2dev/ps2sdk/ee/lib/libcglue.a(__lock___tz_mutex.o)
 .text          0x0011d5e0        0x0 /usr/local/ps2dev/ps2sdk/ee/lib/libcglue.a(__lock___dd_hash_mutex.o)
 .text          0x0011d5e0        0x0 /usr/local/ps2dev/ps2sdk/ee/lib/libcglue.a(__lock___arc4random_mutex.o)
 .text          0x0011d5e0      0x110 /usr/local/ps2dev/ps2sdk/ee/lib/libcglue.a(_libcglue_timezone_update_impl.o)
                0x0011d5e0                _libcglue_timezone_update_impl
 .text          0x0011d6f0        0x0 /usr/local/ps2dev/ps2sdk/ee/lib/libcglue.a(__fdman_sema.o)
 .text          0x0011d6f0        0x0 /usr/local/ps2dev/ps2sdk/ee/lib/libcglue.a(__descriptor_data_pool.o)
 .text          0x0011d6f0      0x188 /usr/local/ps2dev/ps2sdk/ee/lib/libcglue.a(__get_drive.o)
                0x0011d6f0                __get_drive
 .text          0x0011d878        0x0 /usr/local/ps2dev/ps2sdk/ee/lib/libcglue.a(__fioOpsInitialize.o)
 .text          0x0011d878      0x238 /usr/local/ps2dev/ps2sdk/ee/lib/libcglue.a(__fioOpsInitializeImpl.o)
                0x0011d878                __fioOpsInitializeImpl
 .text          0x0011dab0      0x1c8 /usr/local/ps2dev/ps2sdk/ee/lib/libcglue.a(__fioOpenHelper.o)
                0x0011dab0                __fioOpenHelper
 .text          0x0011dc78       0x18 /usr/local/ps2dev/ps2sdk/ee/lib/libcglue.a(__fioGetFdHelper.o)
                0x0011dc78                __fioGetFdHelper
 .text          0x0011dc90       0x18 /usr/local/ps2dev/ps2sdk/ee/lib/libcglue.a(__fioGetFilenameHelper.o)
                0x0011dc90                __fioGetFilenameHelper
 .text          0x0011dca8       0x48 /usr/local/ps2dev/ps2sdk/ee/lib/libcglue.a(__fioCloseHelper.o)
                0x0011dca8                __fioCloseHelper
 .text          0x0011dcf0       0x48 /usr/local/ps2dev/ps2sdk/ee/lib/libcglue.a(__fioDcloseHelper.o)
                0x0011dcf0                __fioDcloseHelper
 .text          0x0011dd38       0x48 /usr/local/ps2dev/ps2sdk/ee/lib/libcglue.a(__fioReadHelper.o)
                0x0011dd38                __fioReadHelper
 .text          0x0011dd80       0x48 /usr/local/ps2dev/ps2sdk/ee/lib/libcglue.a(__fioLseekHelper.o)
                0x0011dd80                __fioLseekHelper
 .text          0x0011ddc8       0x48 /usr/local/ps2dev/ps2sdk/ee/lib/libcglue.a(__fioWriteHelper.o)
                0x0011ddc8                __fioWriteHelper
 .text          0x0011de10       0x48 /usr/local/ps2dev/ps2sdk/ee/lib/libcglue.a(__fioIoctlHelper.o)
                0x0011de10                __fioIoctlHelper
 .text          0x0011de58      0x108 /usr/local/ps2dev/ps2sdk/ee/lib/libcglue.a(__fioDreadHelper.o)
                0x0011de58                __fioDreadHelper
 .text          0x0011df60       0xb8 /usr/local/ps2dev/ps2sdk/ee/lib/libcglue.a(__fioLseekDirHelper.o)
                0x0011df60                __fioLseekDirHelper
 .text          0x0011e018        0x8 /usr/local/ps2dev/ps2sdk/ee/lib/libcglue.a(__fioMkdirHelper.o)
                0x0011e018                __fioMkdirHelper
 .text          0x0011e020      0x248 /usr/local/ps2dev/ps2sdk/ee/lib/libcglue.a(__fioGetstatHelper.o)
                0x0011e020                __fioGetstatHelper
 *fill*         0x0011e268        0x8 
 .text          0x0011e270       0x10 /usr/local/ps2dev/ps2sdk/ee/lib/libkernel.a(DeleteThread.o)
                0x0011e270                DeleteThread
 .text          0x0011e280       0x10 /usr/local/ps2dev/ps2sdk/ee/lib/libkernel.a(TerminateThread.o)
                0x0011e280                TerminateThread
 .text          0x0011e290       0x10 /usr/local/ps2dev/ps2sdk/ee/lib/libkernel.a(EndOfHeap.o)
                0x0011e290                EndOfHeap
 .text          0x0011e2a0       0x10 /usr/local/ps2dev/ps2sdk/ee/lib/libkernel.a(SignalSema.o)
                0x0011e2a0                SignalSema
 .text          0x0011e2b0       0x10 /usr/local/ps2dev/ps2sdk/ee/lib/libkernel.a(sceSifDmaStat.o)
                0x0011e2b0                sceSifDmaStat
 .text          0x0011e2c0      0x178 /usr/local/ps2dev/ps2sdk/ee/lib/libkernel.a(sceSifBindRpc.o)
                0x0011e2c0                sceSifBindRpc
 .text          0x0011e438      0x260 /usr/local/ps2dev/ps2sdk/ee/lib/libkernel.a(sceSifCallRpc.o)
                0x0011e438                sceSifCallRpc
 .text          0x0011e698       0xa8 /usr/local/ps2dev/ps2sdk/ee/lib/libkernel.a(sceSifRegisterRpc.o)
                0x0011e698                sceSifRegisterRpc
 .text          0x0011e740       0xb0 /usr/local/ps2dev/ps2sdk/ee/lib/libkernel.a(sceSifRemoveRpc.o)
                0x0011e740                sceSifRemoveRpc
 .text          0x0011e7f0       0x78 /usr/local/ps2dev/ps2sdk/ee/lib/libkernel.a(sceSifSetRpcQueue.o)
                0x0011e7f0                sceSifSetRpcQueue
 .text          0x0011e868       0xb0 /usr/local/ps2dev/ps2sdk/ee/lib/libkernel.a(sceSifRemoveRpcQueue.o)
                0x0011e868                sceSifRemoveRpcQueue
 .text          0x0011e918       0x48 /usr/local/ps2dev/ps2sdk/ee/lib/libkernel.a(sceSifRpcLoop.o)
                0x0011e918                sceSifRpcLoop
 .text          0x0011e960      0x138 /usr/local/ps2dev/ps2sdk/ee/lib/libkernel.a(fio_open.o)
                0x0011e960                fioOpen
 .text          0x0011ea98       0xe0 /usr/local/ps2dev/ps2sdk/ee/lib/libkernel.a(fio_close.o)
                0x0011ea98                fioClose
 .text          0x0011eb78      0x168 /usr/local/ps2dev/ps2sdk/ee/lib/libkernel.a(fio_read.o)
                0x0011eb78                fioRead
 .text          0x0011ece0      0x1b0 /usr/local/ps2dev/ps2sdk/ee/lib/libkernel.a(fio_write.o)
                0x0011ece0                fioWrite
 .text          0x0011ee90      0x100 /usr/local/ps2dev/ps2sdk/ee/lib/libkernel.a(fio_lseek.o)
                0x0011ee90                fioLseek
 .text          0x0011ef90       0xf0 /usr/local/ps2dev/ps2sdk/ee/lib/libkernel.a(fio_mkdir.o)
                0x0011ef90                fioMkdir
 .text          0x0011f080       0x70 /usr/local/ps2dev/ps2sdk/ee/lib/libkernel.a(_fio_read_intr.o)
                0x0011f080                _fio_read_intr
 .text          0x0011f0f0      0x158 /usr/local/ps2dev/ps2sdk/ee/lib/libkernel.a(fio_ioctl.o)
                0x0011f0f0                fioIoctl
 .text          0x0011f248       0xf0 /usr/local/ps2dev/ps2sdk/ee/lib/libkernel.a(fio_dopen.o)
                0x0011f248                fioDopen
 .text          0x0011f338       0xe0 /usr/local/ps2dev/ps2sdk/ee/lib/libkernel.a(fio_dclose.o)
                0x0011f338                fioDclose
 .text          0x0011f418      0x150 /usr/local/ps2dev/ps2sdk/ee/lib/libkernel.a(fio_dread.o)
                0x0011f418                fioDread
 .text          0x0011f568      0x160 /usr/local/ps2dev/ps2sdk/ee/lib/libkernel.a(fio_getstat.o)
                0x0011f568                fioGetstat
 .text          0x0011f6c8       0xf0 /usr/local/ps2dev/ps2sdk/ee/lib/libkernel.a(fio_remove.o)
                0x0011f6c8                fioRemove
 .text          0x0011f7b8       0xf0 /usr/local/ps2dev/ps2sdk/ee/lib/libkernel.a(fio_rmdir.o)
                0x0011f7b8                fioRmdir
 .text          0x0011f8a8      0x138 /usr/local/ps2dev/ps2sdk/ee/lib/libkernel.a(SifInitIopHeap.o)
                0x0011f8a8                SifInitIopHeap
 .text          0x0011f9e0       0x80 /usr/local/ps2dev/ps2sdk/ee/lib/libkernel.a(SifAllocIopHeap.o)
                0x0011f9e0                SifAllocIopHeap
 .text          0x0011fa60       0x80 /usr/local/ps2dev/ps2sdk/ee/lib/libkernel.a(SifFreeIopHeap.o)
                0x0011fa60                SifFreeIopHeap
 .text          0x0011fae0       0x88 /usr/local/ps2dev/ps2sdk/ee/lib/libkernel.a(configGetTimezoneWithIODriver.o)
                0x0011fae0                configGetTimezoneWithIODriver
 .text          0x0011fb68       0x78 /usr/local/ps2dev/ps2sdk/ee/lib/libkernel.a(configIsDaylightSavingEnabledWithIODriver.o)
                0x0011fb68                configIsDaylightSavingEnabledWithIODriver
 .text          0x0011fbe0       0x10 /usr/local/ps2dev/ps2sdk/ee/lib/libkernel.a(SleepThread.o)
                0x0011fbe0                SleepThread
 .text          0x0011fbf0       0x10 /usr/local/ps2dev/ps2sdk/ee/lib/libkernel.a(GetOsdConfigParam2.o)
                0x0011fbf0                GetOsdConfigParam2
 .text          0x0011fc00       0xd0 /usr/local/ps2dev/ps2sdk/ee/lib/libkernel.a(_rpc_get_packet.o)
                0x0011fc00                _rpc_get_packet
 .text          0x0011fcd0       0x70 /usr/local/ps2dev/ps2sdk/ee/lib/libkernel.a(sceSifGetNextRequest.o)
                0x0011fcd0                sceSifGetNextRequest
 .text          0x0011fd40      0x1d0 /usr/local/ps2dev/ps2sdk/ee/lib/libkernel.a(sceSifExecRequest.o)
                0x0011fd40                sceSifExecRequest
 .text          0x0011ff10        0x0 /usr/local/ps2dev/ps2sdk/ee/lib/libkernel.a(__fio_internals.o)
 .text          0x0011ff10      0x130 /usr/local/ps2dev/ps2sdk/ee/lib/libkernel.a(fio_init.o)
                0x0011ff10                fioInit
 .text          0x00120040       0x10 /usr/local/ps2dev/ps2sdk/ee/lib/libkernel.a(_fio_intr.o)
                0x00120040                _fio_intr
 .text          0x00120050       0xb0 /usr/local/ps2dev/ps2sdk/ee/lib/libkernel.a(fio_exit.o)
                0x00120050                fioExit
 .text          0x00120100       0x10 /usr/local/ps2dev/ps2sdk/ee/lib/libkernel.a(IsEarlyJap.o)
                0x00120100                IsEarlyJap
 .text          0x00120110      0x198 /usr/local/ps2dev/ee/bin/../lib/gcc/mips64r5900el-ps2-elf/15.2.0/../../../../mips64r5900el-ps2-elf/lib/libc.a(libc_a-strchr.o)
                0x00120110                strchr
 .text          0x001202a8       0x28 /usr/local/ps2dev/ee/bin/../lib/gcc/mips64r5900el-ps2-elf/15.2.0/../../../../mips64r5900el-ps2-elf/lib/libc.a(libc_a-setenv.o)
                0x001202a8                setenv
                0x001202c0                unsetenv
 .text          0x001202d0      0x100 /usr/local/ps2dev/ee/bin/../lib/gcc/mips64r5900el-ps2-elf/15.2.0/../../../../mips64r5900el-ps2-elf/lib/libc.a(libc_a-sprintf.o)
                0x001202d0                _sprintf_r
                0x00120348                sprintf
 .text          0x001203d0       0x90 /usr/local/ps2dev/ee/bin/../lib/gcc/mips64r5900el-ps2-elf/15.2.0/../../../../mips64r5900el-ps2-elf/lib/libc.a(libc_a-memcmp.o)
                0x001203d0                memcmp
 .text          0x00120460       0x20 /usr/local/ps2dev/ee/bin/../lib/gcc/mips64r5900el-ps2-elf/15.2.0/../../../../mips64r5900el-ps2-elf/lib/libc.a(libc_a-malloc.o)
                0x00120460                malloc
                0x00120470                free
 .text          0x00120480      0x290 /usr/local/ps2dev/ee/bin/../lib/gcc/mips64r5900el-ps2-elf/15.2.0/../../../../mips64r5900el-ps2-elf/lib/libc.a(libc_a-perror.o)
                0x00120480                _perror_r
                0x00120700                perror
 .text          0x00120710      0xb40 /usr/local/ps2dev/ee/bin/../lib/gcc/mips64r5900el-ps2-elf/15.2.0/../../../../mips64r5900el-ps2-elf/lib/libc.a(libc_a-mktime.o)
                0x00120ba8                mktime
 .text          0x00121250      0x460 /usr/local/ps2dev/ee/bin/../lib/gcc/mips64r5900el-ps2-elf/15.2.0/../../../../mips64r5900el-ps2-elf/lib/libc.a(libc_a-strerror.o)
                0x00121250                _strerror_r
                0x00121680                strerror
                0x00121698                strerror_l
 .text          0x001216b0       0x20 /usr/local/ps2dev/ee/bin/../lib/gcc/mips64r5900el-ps2-elf/15.2.0/../../../../mips64r5900el-ps2-elf/lib/libc.a(libc_a-tzlock.o)
                0x001216b0                __tz_lock
                0x001216c0                __tz_unlock
 .text          0x001216d0       0x38 /usr/local/ps2dev/ee/bin/../lib/gcc/mips64r5900el-ps2-elf/15.2.0/../../../../mips64r5900el-ps2-elf/lib/libc.a(libc_a-exit.o)
                0x001216d0                exit
 .text          0x00121708       0x40 /usr/local/ps2dev/ee/bin/../lib/gcc/mips64r5900el-ps2-elf/15.2.0/../../../../mips64r5900el-ps2-elf/lib/libc.a(libc_a-strnlen.o)
                0x00121708                strnlen
 .text          0x00121748      0x108 /usr/local/ps2dev/ee/bin/../lib/gcc/mips64r5900el-ps2-elf/15.2.0/../../../../mips64r5900el-ps2-elf/lib/libc.a(libc_a-fileno.o)
                0x00121748                fileno
 .text          0x00121850      0x3c0 /usr/local/ps2dev/ee/bin/../lib/gcc/mips64r5900el-ps2-elf/15.2.0/../../../../mips64r5900el-ps2-elf/lib/libc.a(libc_a-setenv_r.o)
                0x00121850                _setenv_r
                0x00121b20                _unsetenv_r
 .text          0x00121c10       0x30 /usr/local/ps2dev/ee/bin/../lib/gcc/mips64r5900el-ps2-elf/15.2.0/../../../../mips64r5900el-ps2-elf/lib/libc.a(libc_a-div.o)
                0x00121c10                div
 .text          0x00121c40     0x37b8 /usr/local/ps2dev/ee/bin/../lib/gcc/mips64r5900el-ps2-elf/15.2.0/../../../../mips64r5900el-ps2-elf/lib/libc.a(libc_a-svfprintf.o)
                0x00121c40                _svfprintf_r
 .text          0x001253f8        0x0 /usr/local/ps2dev/ee/bin/../lib/gcc/mips64r5900el-ps2-elf/15.2.0/../../../../mips64r5900el-ps2-elf/lib/libc.a(libc_a-environ.o)
 .text          0x001253f8        0x8 /usr/local/ps2dev/ee/bin/../lib/gcc/mips64r5900el-ps2-elf/15.2.0/../../../../mips64r5900el-ps2-elf/lib/libc.a(libc_a-u_strerr.o)
                0x001253f8                _user_strerror
 .text          0x00125400       0x38 /usr/local/ps2dev/ee/bin/../lib/gcc/mips64r5900el-ps2-elf/15.2.0/../../../../mips64r5900el-ps2-elf/lib/libc.a(libc_a-tzset.o)
                0x00125400                _tzset_unlocked
                0x00125410                tzset
 .text          0x00125438       0x10 /usr/local/ps2dev/ee/bin/../lib/gcc/mips64r5900el-ps2-elf/15.2.0/../../../../mips64r5900el-ps2-elf/lib/libc.a(libc_a-gettzinfo.o)
                0x00125438                __gettzinfo
 .text          0x00125448      0x1b8 /usr/local/ps2dev/ee/bin/../lib/gcc/mips64r5900el-ps2-elf/15.2.0/../../../../mips64r5900el-ps2-elf/lib/libc.a(libc_a-__call_atexit.o)
                0x00125448                __call_exitprocs
 .text          0x00125600        0x0 /usr/local/ps2dev/ee/bin/../lib/gcc/mips64r5900el-ps2-elf/15.2.0/../../../../mips64r5900el-ps2-elf/lib/libc.a(libc_a-tzvars.o)
 .text          0x00125600      0x3e0 /usr/local/ps2dev/ee/bin/../lib/gcc/mips64r5900el-ps2-elf/15.2.0/../../../../mips64r5900el-ps2-elf/lib/libc.a(libc_a-tzcalc_limits.o)
                0x00125600                __tzcalc_limits
 .text          0x001259e0      0x178 /usr/local/ps2dev/ee/bin/../lib/gcc/mips64r5900el-ps2-elf/15.2.0/../../../../mips64r5900el-ps2-elf/lib/libc.a(libc_a-getenv_r.o)
                0x001259e0                _findenv_r
                0x00125b38                _getenv_r
 .text          0x00125b58       0xd8 /usr/local/ps2dev/ee/bin/../lib/gcc/mips64r5900el-ps2-elf/15.2.0/../../../../mips64r5900el-ps2-elf/lib/libc.a(libc_a-ssprint_r.o)
                0x00125b58                __ssprint_r
 .text          0x00125c30       0x20 /usr/local/ps2dev/ee/bin/../lib/gcc/mips64r5900el-ps2-elf/15.2.0/../../../../mips64r5900el-ps2-elf/lib/libc.a(libc_a-envlock.o)
                0x00125c30                __env_lock
                0x00125c40                __env_unlock
 .text          0x00125c50       0xe0 /usr/local/ps2dev/ee/bin/../lib/gcc/mips64r5900el-ps2-elf/15.2.0/../../../../mips64r5900el-ps2-elf/lib/libc.a(libc_a-strncmp.o)
                0x00125c50                strncmp
 .text          0x00125d30      0x7c0 /usr/local/ps2dev/ee/bin/../lib/gcc/mips64r5900el-ps2-elf/15.2.0/../../../../mips64r5900el-ps2-elf/lib/libc.a(libc_a-tzset_r.o)
                0x00125d30                _tzset_unlocked_r
                0x001264c8                _tzset_r
 .text          0x001264f0      0x1a0 /usr/local/ps2dev/ee/bin/../lib/gcc/mips64r5900el-ps2-elf/15.2.0/../../../../mips64r5900el-ps2-elf/lib/libc.a(libc_a-ssputs_r.o)
                0x001264f0                __ssputs_r
 .text          0x00126690        0x0 /usr/local/ps2dev/ee/bin/../lib/gcc/mips64r5900el-ps2-elf/15.2.0/../../../../mips64r5900el-ps2-elf/lib/libc.a(libc_a-month_lengths.o)
 .text          0x00126690       0xb8 /usr/local/ps2dev/ee/bin/../lib/gcc/mips64r5900el-ps2-elf/15.2.0/../../../../mips64r5900el-ps2-elf/lib/libc.a(libc_a-strcpy.o)
                0x00126690                strcpy
 .text          0x00126748      0x118 /usr/local/ps2dev/ee/bin/../lib/gcc/mips64r5900el-ps2-elf/15.2.0/../../../../mips64r5900el-ps2-elf/lib/libc.a(libc_a-siscanf.o)
                0x00126748                siscanf
                0x001267d0                _siscanf_r
 .text          0x00126860      0x298 /usr/local/ps2dev/ee/bin/../lib/gcc/mips64r5900el-ps2-elf/15.2.0/../../../../mips64r5900el-ps2-elf/lib/libc.a(libc_a-strtoul.o)
                0x00126ac0                _strtoul_r
                0x00126ac8                strtoul_l
                0x00126ae0                strtoul
 .text          0x00126af8     0x25d8 /usr/local/ps2dev/ee/bin/../lib/gcc/mips64r5900el-ps2-elf/15.2.0/../../../../mips64r5900el-ps2-elf/lib/libc.a(libc_a-svfiscanf.o)
                0x00126af8                _sungetc_r
                0x00126c30                __ssrefill_r
                0x00126cf0                _sfread_r
                0x00126e88                __ssvfiscanf_r
 .text          0x001290d0      0x378 /usr/local/ps2dev/ee/bin/../lib/gcc/mips64r5900el-ps2-elf/15.2.0/../../../../mips64r5900el-ps2-elf/lib/libc.a(libc_a-strtoll.o)
                0x00129410                _strtoll_r
                0x00129418                strtoll_l
                0x00129430                strtoll
 .text          0x00129448      0x110 /usr/local/ps2dev/ee/bin/../lib/gcc/mips64r5900el-ps2-elf/15.2.0/../../../../mips64r5900el-ps2-elf/lib/libc.a(libc_a-sccl.o)
                0x00129448                __sccl
 .text          0x00129558      0x348 /usr/local/ps2dev/ee/bin/../lib/gcc/mips64r5900el-ps2-elf/15.2.0/../../../../mips64r5900el-ps2-elf/lib/libc.a(libc_a-strtoull.o)
                0x00129868                _strtoull_r
                0x00129870                strtoull_l
                0x00129888                strtoull
 .text          0x001298a0       0x18 /usr/local/ps2dev/ee/bin/../lib/gcc/mips64r5900el-ps2-elf/15.2.0/../../../../mips64r5900el-ps2-elf/lib/libc.a(libc_a-realloc.o)
                0x001298a0                realloc
 .text          0x001298b8        0x8 /usr/local/ps2dev/ee/bin/../lib/gcc/mips64r5900el-ps2-elf/15.2.0/../../../../mips64r5900el-ps2-elf/lib/libc.a(libc_a-iswspace.o)
                0x001298b8                iswspace
 .text          0x001298c0      0x140 /usr/local/ps2dev/ee/bin/../lib/gcc/mips64r5900el-ps2-elf/15.2.0/../../../../mips64r5900el-ps2-elf/lib/libc.a(libc_a-mbrtowc.o)
                0x001298c0                _mbrtowc_r
                0x00129958                mbrtowc
 .text          0x00129a00      0x3c0 /usr/local/ps2dev/ee/bin/../lib/gcc/mips64r5900el-ps2-elf/15.2.0/../../../../mips64r5900el-ps2-elf/lib/libc.a(libc_a-ungetc.o)
                0x00129a00                __submore
                0x00129ad8                _ungetc_r
                0x00129da8                ungetc
 .text          0x00129dc0       0x28 /usr/local/ps2dev/ee/bin/../lib/gcc/mips64r5900el-ps2-elf/15.2.0/../../../../mips64r5900el-ps2-elf/lib/libc.a(libc_a-iswspace_l.o)
                0x00129dc0                iswspace_l
 .text          0x00129de8       0xd8 /usr/local/ps2dev/ps2sdk/ee/lib/libpthreadglue.a(pte_osInit.o)
                0x00129de8                pte_osInit
 .text          0x00129ec0       0x20 /usr/local/ps2dev/ps2sdk/ee/lib/libpthreadglue.a(pte_osTerminate.o)
                0x00129ec0                pte_osTerminate
 .text          0x00129ee0        0x8 /usr/local/ps2dev/ps2sdk/ee/lib/libpthreadglue.a(pte_osThreadGetHandle.o)
                0x00129ee0                pte_osThreadGetHandle
 .text          0x00129ee8       0x10 /usr/local/ps2dev/ps2sdk/ee/lib/libpthreadglue.a(pte_osThreadSleep.o)
                0x00129ee8                pte_osThreadSleep
 .text          0x00129ef8       0x20 /usr/local/ps2dev/ps2sdk/ee/lib/libpthreadglue.a(pte_osThreadGetMinPriority.o)
                0x00129ef8                pte_osThreadGetMinPriority
 .text          0x00129f18        0x8 /usr/local/ps2dev/ps2sdk/ee/lib/libpthreadglue.a(pte_osThreadGetDefaultPriority.o)
                0x00129f18                pte_osThreadGetDefaultPriority
 .text          0x00129f20       0xa0 /usr/local/ps2dev/ps2sdk/ee/lib/libpthreadglue.a(pte_osMutexCreate.o)
                0x00129f20                pte_osMutexCreate
 .text          0x00129fc0       0x20 /usr/local/ps2dev/ps2sdk/ee/lib/libpthreadglue.a(pte_osMutexLock.o)
                0x00129fc0                pte_osMutexLock
 .text          0x00129fe0       0x20 /usr/local/ps2dev/ps2sdk/ee/lib/libpthreadglue.a(pte_osMutexUnlock.o)
                0x00129fe0                pte_osMutexUnlock
 .text          0x0012a000       0x68 /usr/local/ps2dev/ps2sdk/ee/lib/libpthreadglue.a(pte_osSemaphoreCreate.o)
                0x0012a000                pte_osSemaphoreCreate
 .text          0x0012a068       0x20 /usr/local/ps2dev/ps2sdk/ee/lib/libpthreadglue.a(pte_osSemaphoreDelete.o)
                0x0012a068                pte_osSemaphoreDelete
 .text          0x0012a088       0x60 /usr/local/ps2dev/ps2sdk/ee/lib/libpthreadglue.a(pte_osSemaphorePost.o)
                0x0012a088                pte_osSemaphorePost
 .text          0x0012a0e8       0xa0 /usr/local/ps2dev/ps2sdk/ee/lib/libpthreadglue.a(pte_osSemaphorePend.o)
                0x0012a0e8                pte_osSemaphorePend
 .text          0x0012a188       0x60 /usr/local/ps2dev/ps2sdk/ee/lib/libpthreadglue.a(pte_osAtomicExchange.o)
                0x0012a188                pte_osAtomicExchange
 .text          0x0012a1e8       0x70 /usr/local/ps2dev/ps2sdk/ee/lib/libpthreadglue.a(pte_osAtomicCompareExchange.o)
                0x0012a1e8                pte_osAtomicCompareExchange
 .text          0x0012a258        0x0 /usr/local/ps2dev/ps2sdk/ee/lib/libpthreadglue.a(__globalTls.o)
 .text          0x0012a258       0x60 /usr/local/ps2dev/ps2sdk/ee/lib/libpthreadglue.a(pteTlsGlobalInit.o)
                0x0012a258                pteTlsGlobalInit
 .text          0x0012a2b8       0x50 /usr/local/ps2dev/ps2sdk/ee/lib/libpthreadglue.a(pteTlsThreadInit.o)
                0x0012a2b8                pteTlsThreadInit
 .text          0x0012a308       0xc0 /usr/local/ps2dev/ps2sdk/ee/lib/libpthreadglue.a(__pteTlsAlloc.o)
                0x0012a308                __pteTlsAlloc
 .text          0x0012a3c8       0x28 /usr/local/ps2dev/ps2sdk/ee/lib/libpthreadglue.a(__pteTlsSetValue.o)
                0x0012a3c8                __pteTlsSetValue
 .text          0x0012a3f0       0x30 /usr/local/ps2dev/ps2sdk/ee/lib/libpthreadglue.a(pteTlsGlobalDestroy.o)
                0x0012a3f0                pteTlsGlobalDestroy
 .text          0x0012a420       0x40 /usr/local/ps2dev/ps2sdk/ee/lib/libpthreadglue.a(pte_osTlsSetValue.o)
                0x0012a420                pte_osTlsSetValue
 .text          0x0012a460       0x30 /usr/local/ps2dev/ps2sdk/ee/lib/libpthreadglue.a(pte_osTlsGetValue.o)
                0x0012a460                pte_osTlsGetValue
 .text          0x0012a490       0x30 /usr/local/ps2dev/ps2sdk/ee/lib/libpthreadglue.a(pte_osTlsAlloc.o)
                0x0012a490                pte_osTlsAlloc
 .text          0x0012a4c0        0x8 /usr/local/ps2dev/ps2sdk/ee/lib/libpthreadglue.a(pte_osTlsFree.o)
                0x0012a4c0                pte_osTlsFree
 .text          0x0012a4c8        0x0 /usr/local/ps2dev/ps2sdk/ee/lib/libpthreadglue.a(__threadDataKey.o)
 .text          0x0012a4c8       0x20 /usr/local/ps2dev/ps2sdk/ee/lib/libpthreadglue.a(pte_osMutexDelete.o)
                0x0012a4c8                pte_osMutexDelete
 .text          0x0012a4e8        0x0 /usr/local/ps2dev/ps2sdk/ee/lib/libpthreadglue.a(__keysUsed.o)
 .text          0x0012a4e8        0x0 /usr/local/ps2dev/ps2sdk/ee/lib/libpthreadglue.a(__maxTlsValues.o)
 .text          0x0012a4e8        0x0 /usr/local/ps2dev/ps2sdk/ee/lib/libpthreadglue.a(__globalTlsLock.o)
 .text          0x0012a4e8       0x48 /usr/local/ps2dev/ps2sdk/ee/lib/libpthreadglue.a(pteTlsGetValue.o)
                0x0012a4e8                pteTlsGetValue
 .text          0x0012a530       0x38 /usr/local/ps2dev/ps2sdk/ee/lib/libpthreadglue.a(__getTlsStructFromThread.o)
                0x0012a530                __getTlsStructFromThread
 .text          0x0012a568       0x70 /usr/local/ps2dev/ps2sdk/ee/lib/libpthreadglue.a(pteTlsFree.o)
                0x0012a568                pteTlsFree
 .text          0x0012a5d8        0x0 /usr/local/ps2dev/ps2sdk/ee/lib/libpthreadglue.a(__threadInfo.o)
 .text          0x0012a5d8        0x8 /usr/local/ps2dev/ps2sdk/ee/lib/libcglue.a(__retarget_lock_acquire.o)
                0x0012a5d8                __retarget_lock_acquire
 .text          0x0012a5e0        0x8 /usr/local/ps2dev/ps2sdk/ee/lib/libcglue.a(__retarget_lock_release.o)
                0x0012a5e0                __retarget_lock_release
 *fill*         0x0012a5e8        0x8 
 .text          0x0012a5f0       0x10 /usr/local/ps2dev/ps2sdk/ee/lib/libkernel.a(PollSema.o)
                0x0012a5f0                PollSema
 .text          0x0012a600      0x110 /usr/local/ps2dev/ps2sdk/ee/lib/libkernel.a(DelayThread.o)
                0x0012a628                DelayThread
 .text          0x0012a710      0x110 /usr/local/ps2dev/ps2sdk/ee/lib/libkernel.a(WaitSemaEx.o)
                0x0012a730                WaitSemaEx
 .text          0x0012a820       0x10 /usr/local/ps2dev/ps2sdk/ee/lib/libkernel.a(iReleaseWaitThread.o)
                0x0012a820                iReleaseWaitThread
 .text          0x0012a830       0x68 /usr/local/ps2dev/ps2sdk/ee/lib/libkernel.a(TimerUSec2BusClock.o)
                0x0012a830                TimerUSec2BusClock
 .text          0x0012a898       0x70 /usr/local/ps2dev/ps2sdk/ee/lib/libkernel.a(SetTimerAlarm.o)
                0x0012a898                SetTimerAlarm
 .text          0x0012a908       0xe0 /usr/local/ps2dev/ps2sdk/ee/lib/libkernel.a(ReleaseTimerAlarm.o)
                0x0012a908                ReleaseTimerAlarm
 .text          0x0012a9e8       0x60 /usr/local/ps2dev/ps2sdk/ee/lib/libkernel.a(FreeTimerCounter.o)
                0x0012a9e8                FreeTimerCounter
 .text          0x0012aa48        0x0 /usr/local/ps2dev/ps2sdk/ee/lib/libkernel.a(alarm_data.o)
 .text          0x0012aa48      0x130 /usr/local/ps2dev/ps2sdk/ee/lib/libkernel.a(iSetTimerAlarm.o)
                0x0012aa48                iSetTimerAlarm
 .text          0x0012ab78       0x70 /usr/local/ps2dev/ps2sdk/ee/lib/libkernel.a(iAllocTimerCounter.o)
                0x0012ab78                iAllocTimerCounter
 .text          0x0012abe8       0xe0 /usr/local/ps2dev/ps2sdk/ee/lib/libkernel.a(iFreeTimerCounter.o)
                0x0012abe8                iFreeTimerCounter
 .text          0x0012acc8       0xd8 /usr/local/ps2dev/ps2sdk/ee/lib/libkernel.a(iStartTimerCounter.o)
                0x0012acc8                iStartTimerCounter
 .text          0x0012ada0      0x150 /usr/local/ps2dev/ps2sdk/ee/lib/libkernel.a(iSetTimerHandler.o)
                0x0012ada0                iSetTimerHandler
 .text          0x0012aef0       0x70 /usr/local/ps2dev/ps2sdk/ee/lib/libkernel.a(AlarmHandler.o)
                0x0012aef0                AlarmHandler
 .text          0x0012af60       0x28 /usr/local/ps2dev/ps2sdk/ee/lib/libkernel.a(GPfuncs.o)
                0x0012af60                ChangeGP
                0x0012af6c                SetGP
                0x0012af78                GetGP
 .text          0x0012af88        0x0 /usr/local/ps2dev/ps2sdk/ee/lib/libkernel.a(timer_data.o)
 .text          0x0012af88      0x158 /usr/local/ps2dev/ps2sdk/ee/lib/libkernel.a(SetNextComp.o)
                0x0012af88                SetNextComp
 .text          0x0012b0e0       0xa0 /usr/local/ps2dev/ps2sdk/ee/lib/libkernel.a(InsertAlarm_ForTimer.o)
                0x0012b0e0                InsertAlarm_ForTimer
 .text          0x0012b180       0x38 /usr/local/ps2dev/ps2sdk/ee/lib/libkernel.a(UnlinkAlarm_ForTimer.o)
                0x0012b180                UnlinkAlarm_ForTimer
 .text          0x0012b1b8       0x88 /usr/local/ps2dev/ps2sdk/ee/lib/libkernel.a(iGetTimerSystemTime.o)
                0x0012b1b8                iGetTimerSystemTime
                0x0012b200                _ps2sdk_init_timer_impl
                0x0012b220                _ps2sdk_deinit_timer_impl
 .text          0x0012b240       0x10 /usr/local/ps2dev/ps2sdk/ee/lib/libkernel.a(SetT2_MODE.o)
                0x0012b240                SetT2_MODE
 .text          0x0012b250       0x10 /usr/local/ps2dev/ps2sdk/ee/lib/libkernel.a(SetT2_COMP.o)
                0x0012b250                SetT2_COMP
 .text          0x0012b260      0x130 /usr/local/ps2dev/ps2sdk/ee/lib/libkernel.a(InitTimer.o)
                0x0012b260                InitTimer
 .text          0x0012b390       0xc8 /usr/local/ps2dev/ps2sdk/ee/lib/libkernel.a(EndTimer.o)
                0x0012b390                EndTimer
 .text          0x0012b458       0xa8 /usr/local/ps2dev/ps2sdk/ee/lib/libkernel.a(StartTimerSystemTime.o)
                0x0012b458                StartTimerSystemTime
 .text          0x0012b500       0x90 /usr/local/ps2dev/ps2sdk/ee/lib/libkernel.a(StopTimerSystemTime.o)
                0x0012b500                StopTimerSystemTime
 .text          0x0012b590      0x280 /usr/local/ps2dev/ps2sdk/ee/lib/libkernel.a(TimerHandler_callback.o)
                0x0012b590                TimerHandler_callback
 .text          0x0012b810       0x30 /usr/local/ps2dev/ps2sdk/ee/lib/libkernel.a(ForTimer_InitAlarm.o)
                0x0012b810                ForTimer_InitAlarm
 .text          0x0012b840       0x10 /usr/local/ps2dev/ps2sdk/ee/lib/libkernel.a(AddIntcHandler2.o)
                0x0012b840                AddIntcHandler2
 .text          0x0012b850       0x10 /usr/local/ps2dev/ps2sdk/ee/lib/libkernel.a(RemoveIntcHandler.o)
                0x0012b850                RemoveIntcHandler
 .text          0x0012b860       0x78 /usr/local/ps2dev/ps2sdk/ee/lib/libkernel.a(EnableIntc.o)
                0x0012b860                EnableIntc
 .text          0x0012b8d8       0x78 /usr/local/ps2dev/ps2sdk/ee/lib/libkernel.a(DisableIntc.o)
                0x0012b8d8                DisableIntc
 .text          0x0012b950       0x30 /usr/local/ps2dev/ps2sdk/ee/lib/libkernel.a(SetT2.o)
                0x0012b950                SetT2
 .text          0x0012b980       0x10 /usr/local/ps2dev/ps2sdk/ee/lib/libkernel.a(SetT2_COUNT.o)
                0x0012b980                SetT2_COUNT
 .text          0x0012b990       0x10 /usr/local/ps2dev/ps2sdk/ee/lib/libkernel.a(_EnableIntc.o)
                0x0012b990                _EnableIntc
 .text          0x0012b9a0       0x10 /usr/local/ps2dev/ps2sdk/ee/lib/libkernel.a(_DisableIntc.o)
                0x0012b9a0                _DisableIntc
 .text          0x0012b9b0       0x18 /usr/local/ps2dev/ee/bin/../lib/gcc/mips64r5900el-ps2-elf/15.2.0/../../../../mips64r5900el-ps2-elf/lib/libc.a(libc_a-calloc.o)
                0x0012b9b0                calloc
 .text          0x0012b9c8      0x188 /usr/local/ps2dev/ee/bin/../lib/gcc/mips64r5900el-ps2-elf/15.2.0/libgcc.a(_div_df.o)
                0x0012b9c8                __divdf3
 .text          0x0012bb50       0x78 /usr/local/ps2dev/ee/bin/../lib/gcc/mips64r5900el-ps2-elf/15.2.0/libgcc.a(_eq_df.o)
                0x0012bb50                __eqdf2
 .text          0x0012bbc8       0x78 /usr/local/ps2dev/ee/bin/../lib/gcc/mips64r5900el-ps2-elf/15.2.0/libgcc.a(_ne_df.o)
                0x0012bbc8                __nedf2
 .text          0x0012bc40       0x78 /usr/local/ps2dev/ee/bin/../lib/gcc/mips64r5900el-ps2-elf/15.2.0/libgcc.a(_gt_df.o)
                0x0012bc40                __gtdf2
 .text          0x0012bcb8       0x78 /usr/local/ps2dev/ee/bin/../lib/gcc/mips64r5900el-ps2-elf/15.2.0/libgcc.a(_lt_df.o)
                0x0012bcb8                __ltdf2
 .text          0x0012bd30       0x78 /usr/local/ps2dev/ee/bin/../lib/gcc/mips64r5900el-ps2-elf/15.2.0/libgcc.a(_le_df.o)
                0x0012bd30                __ledf2
 .text          0x0012bda8       0x60 /usr/local/ps2dev/ee/bin/../lib/gcc/mips64r5900el-ps2-elf/15.2.0/libgcc.a(_unord_df.o)
                0x0012bda8                __unorddf2
 .text          0x0012be08       0x98 /usr/local/ps2dev/ee/bin/../lib/gcc/mips64r5900el-ps2-elf/15.2.0/libgcc.a(_si_to_df.o)
                0x0012be08                __floatsidf
 .text          0x0012bea0     0x19b8 /usr/local/ps2dev/ee/bin/../lib/gcc/mips64r5900el-ps2-elf/15.2.0/libgcc.a(lib2funcs.o)
                0x0012bea0                __muldi3
                0x0012bee0                __divdi3
                0x0012c5c0                __moddi3
                0x0012cc68                __umoddi3
                0x0012d228                __udivdi3
 .text          0x0012d858       0x60 /usr/local/ps2dev/ee/bin/../lib/gcc/mips64r5900el-ps2-elf/15.2.0/crtend.o
 .text          0x0012d8b8        0x0 /usr/local/ps2dev/ee/bin/../lib/gcc/mips64r5900el-ps2-elf/15.2.0/crtn.o
 *(.text.*)
 .text.startup  0x0012d8b8      0x4f8 main.o
                0x0012d8b8                main
 .text.startup  0x0012ddb0        0x8 /usr/local/ps2dev/ps2sdk/ee/lib/libcglue.a(__fioOpsInitialize.o)
 *(.gnu.linkonce.t*)
 *(.init)
 .init          0x0012ddb8        0x8 /usr/local/ps2dev/ee/bin/../lib/gcc/mips64r5900el-ps2-elf/15.2.0/crti.o
                0x0012ddb8                _init
 .init          0x0012ddc0       0x18 /usr/local/ps2dev/ee/bin/../lib/gcc/mips64r5900el-ps2-elf/15.2.0/crtbegin.o
 .init          0x0012ddd8       0x18 /usr/local/ps2dev/ee/bin/../lib/gcc/mips64r5900el-ps2-elf/15.2.0/crtend.o
 .init          0x0012ddf0        0xc /usr/local/ps2dev/ee/bin/../lib/gcc/mips64r5900el-ps2-elf/15.2.0/crtn.o
 *(.fini)
 .fini          0x0012ddfc        0x8 /usr/local/ps2dev/ee/bin/../lib/gcc/mips64r5900el-ps2-elf/15.2.0/crti.o
                0x0012ddfc                _fini
 .fini          0x0012de04       0x18 /usr/local/ps2dev/ee/bin/../lib/gcc/mips64r5900el-ps2-elf/15.2.0/crtbegin.o
 .fini          0x0012de1c        0xc /usr/local/ps2dev/ee/bin/../lib/gcc/mips64r5900el-ps2-elf/15.2.0/crtn.o
                0x0012de28        0x8 QUAD 0x0
                [!provide]                        PROVIDE (_etext = .)
                [!provide]                        PROVIDE (etext = .)

.ctors          0x0012de30        0xc
 *crtbegin*.o(.ctors)
 .ctors         0x0012de30        0x4 /usr/local/ps2dev/ee/bin/../lib/gcc/mips64r5900el-ps2-elf/15.2.0/crtbegin.o
 *(EXCLUDE_FILE(*crtend*.o) .ctors)
 .ctors         0x0012de34        0x4 /usr/local/ps2dev/ps2sdk/ee/lib/libcglue.a(__fioOpsInitialize.o)
 *(SORT_BY_NAME(.ctors.*))
 *(.ctors)
 .ctors         0x0012de38        0x4 /usr/local/ps2dev/ee/bin/../lib/gcc/mips64r5900el-ps2-elf/15.2.0/crtend.o

.dtors          0x0012de40        0x8
 *crtbegin*.o(.dtors)
 .dtors         0x0012de40        0x4 /usr/local/ps2dev/ee/bin/../lib/gcc/mips64r5900el-ps2-elf/15.2.0/crtbegin.o
 *(EXCLUDE_FILE(*crtend*.o) .dtors)
 *(SORT_BY_NAME(.dtors.*))
 *(.dtors)
 .dtors         0x0012de44        0x4 /usr/local/ps2dev/ee/bin/../lib/gcc/mips64r5900el-ps2-elf/15.2.0/crtend.o
                0x0012de44                __DTOR_END__

.reginfo        0x0012de48       0x18
 *(.reginfo)
 .reginfo       0x0012de48       0x18 /usr/local/ps2dev/ee/bin/../lib/gcc/mips64r5900el-ps2-elf/15.2.0/crti.o

.data           0x0012de80     0x1ce8
                0x0012de80                        _fdata = .
 *(.data)
 .data          0x0012de80       0x20 /tmp/ccortlrZ.ltrans0.ltrans.o
 .data          0x0012dea0        0x0 /usr/local/ps2dev/ee/bin/../lib/gcc/mips64r5900el-ps2-elf/15.2.0/crti.o
 .data          0x0012dea0        0x0 /usr/local/ps2dev/ee/bin/../lib/gcc/mips64r5900el-ps2-elf/15.2.0/crtbegin.o
 .data          0x0012dea0      0x43c main.o